// AUTO-GENERATED FILE. DO NOT MODIFY.
//
// This class was automatically generated by Apollo GraphQL plugin from the GraphQL queries it found.
// It should not be modified by hand.
//
package com.example.named_fragment_with_variables.adapter

import com.apollographql.apollo3.api.IntResponseAdapter
import com.apollographql.apollo3.api.ResponseAdapter
import com.apollographql.apollo3.api.ResponseAdapterCache
import com.apollographql.apollo3.api.StringResponseAdapter
import com.apollographql.apollo3.api.json.JsonReader
import com.apollographql.apollo3.api.json.JsonWriter
import com.apollographql.apollo3.api.obj
import com.example.named_fragment_with_variables.GetUser
import com.example.named_fragment_with_variables.type.adapter.UserQuery_InputAdapter
import kotlin.IllegalStateException

object GetUser_VariablesAdapter : ResponseAdapter<GetUser> {
  override fun fromResponse(reader: JsonReader, responseAdapterCache: ResponseAdapterCache): GetUser
      = throw IllegalStateException("Input type used in output position")
  override fun toResponse(
    writer: JsonWriter,
    responseAdapterCache: ResponseAdapterCache,
    value: GetUser
  ) {
    writer.beginObject()
    writer.name("organizationId")
    StringResponseAdapter.toResponse(writer, responseAdapterCache, value.organizationId)
    writer.name("query")
    UserQuery_InputAdapter.obj().toResponse(writer, responseAdapterCache, value.query)
    writer.name("size")
    IntResponseAdapter.toResponse(writer, responseAdapterCache, value.size)
    writer.endObject()
  }
}
