// AUTO-GENERATED FILE. DO NOT MODIFY.
//
// This class was automatically generated by Apollo GraphQL plugin from the GraphQL queries it found.
// It should not be modified by hand.
//
package com.example.fragment_in_fragment.fragment

import com.apollographql.apollo3.api.Fragment
import com.apollographql.apollo3.api.ResponseAdapter
import com.apollographql.apollo3.api.ResponseAdapterCache
import com.apollographql.apollo3.api.ResponseField
import com.apollographql.apollo3.api.json.JsonWriter
import com.apollographql.apollo3.api.obj
import com.example.fragment_in_fragment.fragment.adapter.PlanetFragment_ResponseAdapter
import com.example.fragment_in_fragment.fragment.adapter.PlanetFragment_VariablesAdapter
import kotlin.String
import kotlin.collections.List

class PlanetFragment : Fragment<PlanetFragment.Data> {
  override fun adapter(): ResponseAdapter<Data> {
    return PlanetFragment_ResponseAdapter.obj()
  }

  override fun responseFields(): List<ResponseField.FieldSet> = listOf(
    ResponseField.FieldSet(null, PlanetFragment_ResponseAdapter.RESPONSE_FIELDS)
  )
  override fun serializeVariables(writer: JsonWriter, responseAdapterCache: ResponseAdapterCache) {
    PlanetFragment_VariablesAdapter.obj().toResponse(writer, responseAdapterCache, this)
  }

  /**
   * A large mass, planet or planetoid in the Star Wars Universe, at the time of
   * 0 ABY.
   */
  data class Data(
    val __typename: String = "Planet",
    /**
     * The name of this planet.
     */
    val name: String?
  ) : Fragment.Data
}
