// AUTO-GENERATED FILE. DO NOT MODIFY.
//
// This class was automatically generated by Apollo GraphQL plugin from the GraphQL queries it found.
// It should not be modified by hand.
//
package com.example.named_fragment_inside_inline_fragment.fragment

import com.apollographql.apollo3.api.Fragment
import com.apollographql.apollo3.api.ResponseAdapter
import com.apollographql.apollo3.api.ResponseAdapterCache
import com.apollographql.apollo3.api.ResponseField
import com.apollographql.apollo3.api.json.JsonWriter
import com.apollographql.apollo3.api.obj
import com.example.named_fragment_inside_inline_fragment.fragment.adapter.CharacterAppearsInImpl_ResponseAdapter
import com.example.named_fragment_inside_inline_fragment.fragment.adapter.CharacterAppearsInImpl_VariablesAdapter
import com.example.named_fragment_inside_inline_fragment.type.Episode
import kotlin.String
import kotlin.collections.List

class CharacterAppearsInImpl : Fragment<CharacterAppearsInImpl.Data> {
  override fun adapter(): ResponseAdapter<Data> {
    return CharacterAppearsInImpl_ResponseAdapter.obj()
  }

  override fun responseFields(): List<ResponseField.FieldSet> = listOf(
    ResponseField.FieldSet(null, CharacterAppearsInImpl_ResponseAdapter.RESPONSE_FIELDS)
  )
  override fun serializeVariables(writer: JsonWriter, responseAdapterCache: ResponseAdapterCache) {
    CharacterAppearsInImpl_VariablesAdapter.obj().toResponse(writer, responseAdapterCache, this)
  }

  /**
   * A character from the Star Wars universe
   */
  data class Data(
    override val __typename: String = "Character",
    /**
     * The movies this character appears in
     */
    override val appearsIn: List<Episode?>
  ) : CharacterAppearsIn, Fragment.Data
}
