// AUTO-GENERATED FILE. DO NOT MODIFY.
//
// This class was automatically generated by Apollo GraphQL plugin from the GraphQL queries it found.
// It should not be modified by hand.
//
package com.example.fragment_in_fragment.adapter

import com.apollographql.apollo3.api.ResponseAdapter
import com.apollographql.apollo3.api.ResponseAdapterCache
import com.apollographql.apollo3.api.ResponseField
import com.apollographql.apollo3.api.StringResponseAdapter
import com.apollographql.apollo3.api.internal.json.MapJsonReader
import com.apollographql.apollo3.api.json.JsonReader
import com.apollographql.apollo3.api.json.JsonWriter
import com.apollographql.apollo3.api.list
import com.apollographql.apollo3.api.nullable
import com.apollographql.apollo3.api.obj
import com.example.fragment_in_fragment.AllStarships
import com.example.fragment_in_fragment.fragment.StarshipFragment
import com.example.fragment_in_fragment.fragment.adapter.StarshipFragment_ResponseAdapter
import kotlin.Array
import kotlin.String
import kotlin.Suppress
import kotlin.collections.List

@Suppress("NAME_SHADOWING", "UNUSED_ANONYMOUS_PARAMETER", "LocalVariableName",
    "RemoveExplicitTypeArguments", "NestedLambdaShadowedImplicitParameter", "PropertyName",
    "RemoveRedundantQualifierName")
object AllStarships_ResponseAdapter : ResponseAdapter<AllStarships.Data> {
  val RESPONSE_FIELDS: Array<ResponseField> = arrayOf(
    ResponseField(
      type = ResponseField.Type.Named.Object("StarshipsConnection"),
      fieldName = "allStarships",
      arguments = mapOf<String, Any?>(
        "first" to 7),
      fieldSets = listOf(
        ResponseField.FieldSet(null, AllStarships.RESPONSE_FIELDS)
      ),
    )
  )

  val RESPONSE_NAMES: List<String> = RESPONSE_FIELDS.map { it.responseName }

  override fun fromResponse(reader: JsonReader, responseAdapterCache: ResponseAdapterCache):
      com.example.fragment_in_fragment.AllStarships.Data {
    var allStarships: com.example.fragment_in_fragment.AllStarships.Data.AllStarships? = null
    while(true) {
      when (reader.selectName(RESPONSE_NAMES)) {
        0 -> allStarships = AllStarships.obj().nullable().fromResponse(reader, responseAdapterCache)
        else -> break
      }
    }
    return com.example.fragment_in_fragment.AllStarships.Data(
      allStarships = allStarships
    )
  }

  override fun toResponse(
    writer: JsonWriter,
    responseAdapterCache: ResponseAdapterCache,
    value: com.example.fragment_in_fragment.AllStarships.Data
  ) {
    writer.name("allStarships")
    AllStarships.obj().nullable().toResponse(writer, responseAdapterCache, value.allStarships)
  }

  object AllStarships :
      ResponseAdapter<com.example.fragment_in_fragment.AllStarships.Data.AllStarships> {
    val RESPONSE_FIELDS: Array<ResponseField> = arrayOf(
      ResponseField(
        type = ResponseField.Type.List(ResponseField.Type.Named.Object("StarshipsEdge")),
        fieldName = "edges",
        fieldSets = listOf(
          ResponseField.FieldSet(null, Edges.RESPONSE_FIELDS)
        ),
      )
    )

    val RESPONSE_NAMES: List<String> = RESPONSE_FIELDS.map { it.responseName }

    override fun fromResponse(reader: JsonReader, responseAdapterCache: ResponseAdapterCache):
        com.example.fragment_in_fragment.AllStarships.Data.AllStarships {
      var edges: List<com.example.fragment_in_fragment.AllStarships.Data.AllStarships.Edges?>? = null
      while(true) {
        when (reader.selectName(RESPONSE_NAMES)) {
          0 -> edges = Edges.obj().nullable().list().nullable().fromResponse(reader,
              responseAdapterCache)
          else -> break
        }
      }
      return com.example.fragment_in_fragment.AllStarships.Data.AllStarships(
        edges = edges
      )
    }

    override fun toResponse(
      writer: JsonWriter,
      responseAdapterCache: ResponseAdapterCache,
      value: com.example.fragment_in_fragment.AllStarships.Data.AllStarships
    ) {
      writer.name("edges")
      Edges.obj().nullable().list().nullable().toResponse(writer, responseAdapterCache, value.edges)
    }

    object Edges :
        ResponseAdapter<com.example.fragment_in_fragment.AllStarships.Data.AllStarships.Edges> {
      val RESPONSE_FIELDS: Array<ResponseField> = arrayOf(
        ResponseField(
          type = ResponseField.Type.Named.Object("Starship"),
          fieldName = "node",
          fieldSets = listOf(
            ResponseField.FieldSet("Starship", StarshipFragment_ResponseAdapter.RESPONSE_FIELDS),
          ),
        )
      )

      val RESPONSE_NAMES: List<String> = RESPONSE_FIELDS.map { it.responseName }

      override fun fromResponse(reader: JsonReader, responseAdapterCache: ResponseAdapterCache):
          com.example.fragment_in_fragment.AllStarships.Data.AllStarships.Edges {
        var node: com.example.fragment_in_fragment.AllStarships.Data.AllStarships.Edges.Node? = null
        while(true) {
          when (reader.selectName(RESPONSE_NAMES)) {
            0 -> node = Node.obj(true).nullable().fromResponse(reader, responseAdapterCache)
            else -> break
          }
        }
        return com.example.fragment_in_fragment.AllStarships.Data.AllStarships.Edges(
          node = node
        )
      }

      override fun toResponse(
        writer: JsonWriter,
        responseAdapterCache: ResponseAdapterCache,
        value: com.example.fragment_in_fragment.AllStarships.Data.AllStarships.Edges
      ) {
        writer.name("node")
        Node.obj(true).nullable().toResponse(writer, responseAdapterCache, value.node)
      }

      object Node :
          ResponseAdapter<com.example.fragment_in_fragment.AllStarships.Data.AllStarships.Edges.Node>
          {
        val RESPONSE_FIELDS: Array<ResponseField> = arrayOf(
          ResponseField.Typename
        )

        val RESPONSE_NAMES: List<String> = RESPONSE_FIELDS.map { it.responseName }

        override fun fromResponse(reader: JsonReader, responseAdapterCache: ResponseAdapterCache):
            com.example.fragment_in_fragment.AllStarships.Data.AllStarships.Edges.Node {
          var __typename: String? = null

          var starshipFragment: StarshipFragment.Data? = null
          while(true) {
            when (reader.selectName(RESPONSE_NAMES)) {
              0 -> __typename = StringResponseAdapter.fromResponse(reader, responseAdapterCache)
              else -> break
            }
          }
          if (__typename in arrayOf("Starship")) {
            (reader as MapJsonReader).rewind()
            starshipFragment = StarshipFragment_ResponseAdapter.fromResponse(reader, responseAdapterCache)
          }

          return com.example.fragment_in_fragment.AllStarships.Data.AllStarships.Edges.Node(
            __typename = __typename!!,
            starshipFragment = starshipFragment
          )
        }

        override fun toResponse(
          writer: JsonWriter,
          responseAdapterCache: ResponseAdapterCache,
          value: com.example.fragment_in_fragment.AllStarships.Data.AllStarships.Edges.Node
        ) {
          writer.name("__typename")
          StringResponseAdapter.toResponse(writer, responseAdapterCache, value.__typename)
          if (value.starshipFragment != null)
              StarshipFragment_ResponseAdapter.toResponse(writer, responseAdapterCache, value.starshipFragment)
        }
      }
    }
  }
}
