// AUTO-GENERATED FILE. DO NOT MODIFY.
//
// This class was automatically generated by Apollo GraphQL plugin from the GraphQL queries it found.
// It should not be modified by hand.
//
package com.example.inline_fragment_for_non_optional_field

import com.apollographql.apollo3.api.Query
import com.apollographql.apollo3.api.QueryDocumentMinifier
import com.apollographql.apollo3.api.ResponseAdapter
import com.apollographql.apollo3.api.ResponseAdapterCache
import com.apollographql.apollo3.api.ResponseField
import com.apollographql.apollo3.api.json.JsonWriter
import com.apollographql.apollo3.api.obj
import com.example.inline_fragment_for_non_optional_field.adapter.TestQuery_ResponseAdapter
import com.example.inline_fragment_for_non_optional_field.adapter.TestQuery_VariablesAdapter
import kotlin.Double
import kotlin.String
import kotlin.Suppress
import kotlin.collections.List

@Suppress("NAME_SHADOWING", "UNUSED_ANONYMOUS_PARAMETER", "LocalVariableName",
    "RemoveExplicitTypeArguments", "NestedLambdaShadowedImplicitParameter", "PropertyName",
    "RemoveRedundantQualifierName")
class TestQuery : Query<TestQuery.Data> {
  override fun operationId(): String = OPERATION_ID

  override fun queryDocument(): String = QUERY_DOCUMENT

  override fun serializeVariables(writer: JsonWriter, responseAdapterCache: ResponseAdapterCache) {
    TestQuery_VariablesAdapter.obj().toResponse(writer, responseAdapterCache, this)
  }

  override fun name(): String = OPERATION_NAME

  override fun adapter(): ResponseAdapter<Data> {
    return TestQuery_ResponseAdapter.obj()
  }

  override fun responseFields(): List<ResponseField.FieldSet> = listOf(
    ResponseField.FieldSet(null, TestQuery_ResponseAdapter.RESPONSE_FIELDS)
  )
  /**
   * The query type, represents all of the entry points into our object graph
   */
  data class Data(
    val nonOptionalHero: NonOptionalHero
  ) : Query.Data {
    /**
     * A character from the Star Wars universe
     */
    data class NonOptionalHero(
      val __typename: String = "Character",
      /**
       * The name of the character
       */
      val name: String,
      val asAsHuman: AsHuman?
    ) {
      data class AsHuman(
        val __typename: String,
        /**
         * The name of the character
         */
        val name: String,
        /**
         * Height in the preferred unit, default is meters
         */
        val height: Double?
      )
    }
  }

  companion object {
    const val OPERATION_ID: String =
        "e33ec8a463abf6b32191d1f07aa6c7e4d038a493cace83a45a64632eb65b1ced"

    val QUERY_DOCUMENT: String = QueryDocumentMinifier.minify(
          """
          |query TestQuery {
          |  nonOptionalHero(episode: EMPIRE) {
          |    __typename
          |    name
          |    ... on Human {
          |      height
          |    }
          |  }
          |}
          """.trimMargin()
        )

    val OPERATION_NAME: String = "TestQuery"
  }
}
