// AUTO-GENERATED FILE. DO NOT MODIFY.
//
// This class was automatically generated by Apollo GraphQL plugin from the GraphQL queries it found.
// It should not be modified by hand.
//
package com.example.named_fragment_inside_inline_fragment

import com.apollographql.apollo3.api.Query
import com.apollographql.apollo3.api.QueryDocumentMinifier
import com.apollographql.apollo3.api.ResponseAdapter
import com.apollographql.apollo3.api.ResponseAdapterCache
import com.apollographql.apollo3.api.ResponseField
import com.apollographql.apollo3.api.json.JsonWriter
import com.apollographql.apollo3.api.obj
import com.example.named_fragment_inside_inline_fragment.adapter.GetHero_ResponseAdapter
import com.example.named_fragment_inside_inline_fragment.adapter.GetHero_VariablesAdapter
import com.example.named_fragment_inside_inline_fragment.fragment.CharacterAppearsIn
import com.example.named_fragment_inside_inline_fragment.fragment.CharacterName
import com.example.named_fragment_inside_inline_fragment.type.Episode
import kotlin.String
import kotlin.Suppress
import kotlin.collections.List

@Suppress("NAME_SHADOWING", "UNUSED_ANONYMOUS_PARAMETER", "LocalVariableName",
    "RemoveExplicitTypeArguments", "NestedLambdaShadowedImplicitParameter", "PropertyName",
    "RemoveRedundantQualifierName")
class GetHero : Query<GetHero.Data> {
  override fun operationId(): String = OPERATION_ID

  override fun queryDocument(): String = QUERY_DOCUMENT

  override fun serializeVariables(writer: JsonWriter, responseAdapterCache: ResponseAdapterCache) {
    GetHero_VariablesAdapter.obj().toResponse(writer, responseAdapterCache, this)
  }

  override fun name(): String = OPERATION_NAME

  override fun adapter(): ResponseAdapter<Data> {
    return GetHero_ResponseAdapter.obj()
  }

  override fun responseFields(): List<ResponseField.FieldSet> = listOf(
    ResponseField.FieldSet(null, GetHero_ResponseAdapter.RESPONSE_FIELDS)
  )
  /**
   * The query type, represents all of the entry points into our object graph
   */
  data class Data(
    val hero: Hero?
  ) : Query.Data {
    /**
     * A character from the Star Wars universe
     */
    interface Hero {
      val __typename: String

      interface Character : Hero {
        interface Character : Hero.Character, CharacterName, CharacterAppearsIn
      }

      data class CharacterHero(
        override val __typename: String,
        /**
         * The name of the character
         */
        override val name: String,
        /**
         * The movies this character appears in
         */
        override val appearsIn: List<Episode?>
      ) : Hero, Character, Character.Character, CharacterName, CharacterAppearsIn

      data class OtherHero(
        override val __typename: String
      ) : Hero
    }
  }

  companion object {
    const val OPERATION_ID: String =
        "ed0f62fe5233d198a632f9231c1f34c7070b38b83d02e41deeb4bcfa632c8676"

    val QUERY_DOCUMENT: String = QueryDocumentMinifier.minify(
          """
          |query GetHero {
          |  hero {
          |    __typename
          |    ... on Character {
          |      __typename
          |      ...characterName
          |      ...characterAppearsIn
          |    }
          |  }
          |}
          |fragment characterName on Character {
          |  __typename
          |  name
          |}
          |fragment characterAppearsIn on Character {
          |  __typename
          |  appearsIn
          |}
          """.trimMargin()
        )

    val OPERATION_NAME: String = "GetHero"
  }
}
