// AUTO-GENERATED FILE. DO NOT MODIFY.
//
// This class was automatically generated by Apollo GraphQL plugin from the GraphQL queries it found.
// It should not be modified by hand.
//
package com.example.simple_fragment.adapter

import com.apollographql.apollo3.api.ResponseAdapter
import com.apollographql.apollo3.api.ResponseAdapterCache
import com.apollographql.apollo3.api.ResponseField
import com.apollographql.apollo3.api.StringResponseAdapter
import com.apollographql.apollo3.api.internal.json.MapJsonReader
import com.apollographql.apollo3.api.json.JsonReader
import com.apollographql.apollo3.api.json.JsonWriter
import com.apollographql.apollo3.api.nullable
import com.apollographql.apollo3.api.obj
import com.example.simple_fragment.TestQuery
import com.example.simple_fragment.fragment.HeroDetails
import com.example.simple_fragment.fragment.HumanDetails
import com.example.simple_fragment.fragment.adapter.HeroDetails_ResponseAdapter
import com.example.simple_fragment.fragment.adapter.HumanDetails_ResponseAdapter
import kotlin.Array
import kotlin.String
import kotlin.Suppress
import kotlin.collections.List

@Suppress("NAME_SHADOWING", "UNUSED_ANONYMOUS_PARAMETER", "LocalVariableName",
    "RemoveExplicitTypeArguments", "NestedLambdaShadowedImplicitParameter", "PropertyName",
    "RemoveRedundantQualifierName")
internal object TestQuery_ResponseAdapter : ResponseAdapter<TestQuery.Data> {
  val RESPONSE_FIELDS: Array<ResponseField> = arrayOf(
    ResponseField(
      type = ResponseField.Type.Named.Object("Character"),
      fieldName = "hero",
      fieldSets = listOf(
        ResponseField.FieldSet("Droid", HeroDetails_ResponseAdapter.RESPONSE_FIELDS),
        ResponseField.FieldSet("Human", HeroDetails_ResponseAdapter.RESPONSE_FIELDS),
        ResponseField.FieldSet("Human", HumanDetails_ResponseAdapter.RESPONSE_FIELDS),
      ),
    )
  )

  val RESPONSE_NAMES: List<String> = RESPONSE_FIELDS.map { it.responseName }

  override fun fromResponse(reader: JsonReader, responseAdapterCache: ResponseAdapterCache):
      TestQuery.Data {
    var hero: TestQuery.Data.Hero? = null
    while(true) {
      when (reader.selectName(RESPONSE_NAMES)) {
        0 -> hero = Hero.obj(true).nullable().fromResponse(reader, responseAdapterCache)
        else -> break
      }
    }
    return TestQuery.Data(
      hero = hero
    )
  }

  override fun toResponse(
    writer: JsonWriter,
    responseAdapterCache: ResponseAdapterCache,
    value: TestQuery.Data
  ) {
    writer.name("hero")
    Hero.obj(true).nullable().toResponse(writer, responseAdapterCache, value.hero)
  }

  object Hero : ResponseAdapter<TestQuery.Data.Hero> {
    val RESPONSE_FIELDS: Array<ResponseField> = arrayOf(
      ResponseField.Typename
    )

    val RESPONSE_NAMES: List<String> = RESPONSE_FIELDS.map { it.responseName }

    override fun fromResponse(reader: JsonReader, responseAdapterCache: ResponseAdapterCache):
        TestQuery.Data.Hero {
      var __typename: String? = null

      var heroDetails: HeroDetails.Data? = null
      var humanDetails: HumanDetails.Data? = null
      while(true) {
        when (reader.selectName(RESPONSE_NAMES)) {
          0 -> __typename = StringResponseAdapter.fromResponse(reader, responseAdapterCache)
          else -> break
        }
      }
      if (__typename in arrayOf("Droid", "Human")) {
        (reader as MapJsonReader).rewind()
        heroDetails = HeroDetails_ResponseAdapter.fromResponse(reader, responseAdapterCache)
      }
      if (__typename in arrayOf("Human")) {
        (reader as MapJsonReader).rewind()
        humanDetails = HumanDetails_ResponseAdapter.fromResponse(reader, responseAdapterCache)
      }

      return TestQuery.Data.Hero(
        __typename = __typename!!,
        heroDetails = heroDetails,
        humanDetails = humanDetails
      )
    }

    override fun toResponse(
      writer: JsonWriter,
      responseAdapterCache: ResponseAdapterCache,
      value: TestQuery.Data.Hero
    ) {
      writer.name("__typename")
      StringResponseAdapter.toResponse(writer, responseAdapterCache, value.__typename)
      if (value.heroDetails != null)
          HeroDetails_ResponseAdapter.toResponse(writer, responseAdapterCache, value.heroDetails)
      if (value.humanDetails != null)
          HumanDetails_ResponseAdapter.toResponse(writer, responseAdapterCache, value.humanDetails)
    }
  }
}
