// AUTO-GENERATED FILE. DO NOT MODIFY.
//
// This class was automatically generated by Apollo GraphQL plugin from the GraphQL queries it found.
// It should not be modified by hand.
//
package com.example.fragment_with_inline_fragment.fragment.adapter

import com.apollographql.apollo3.api.NullableIntResponseAdapter
import com.apollographql.apollo3.api.NullableStringResponseAdapter
import com.apollographql.apollo3.api.ResponseAdapter
import com.apollographql.apollo3.api.ResponseAdapterCache
import com.apollographql.apollo3.api.ResponseField
import com.apollographql.apollo3.api.StringResponseAdapter
import com.apollographql.apollo3.api.json.JsonReader
import com.apollographql.apollo3.api.json.JsonWriter
import com.apollographql.apollo3.api.list
import com.apollographql.apollo3.api.nullable
import com.apollographql.apollo3.api.obj
import com.example.fragment_with_inline_fragment.fragment.HeroDetailsImpl
import kotlin.Array
import kotlin.Int
import kotlin.String
import kotlin.Suppress
import kotlin.collections.List

@Suppress("NAME_SHADOWING", "UNUSED_ANONYMOUS_PARAMETER", "LocalVariableName",
    "RemoveExplicitTypeArguments", "NestedLambdaShadowedImplicitParameter", "PropertyName",
    "RemoveRedundantQualifierName")
object HeroDetailsImpl_ResponseAdapter : ResponseAdapter<HeroDetailsImpl.Data> {
  override fun fromResponse(reader: JsonReader, responseAdapterCache: ResponseAdapterCache):
      HeroDetailsImpl.Data {
    check(reader.nextName() == "__typename")
    val typename = reader.nextString()!!
    return when(typename) {
      "Droid" -> DroidData.fromResponse(reader, responseAdapterCache, typename)
      "Human" -> HumanData.fromResponse(reader, responseAdapterCache, typename)
      else -> OtherData.fromResponse(reader, responseAdapterCache, typename)
    }
  }

  override fun toResponse(
    writer: JsonWriter,
    responseAdapterCache: ResponseAdapterCache,
    value: HeroDetailsImpl.Data
  ) {
    when(value) {
      is HeroDetailsImpl.Data.DroidData -> DroidData.toResponse(writer, responseAdapterCache, value)
      is HeroDetailsImpl.Data.HumanData -> HumanData.toResponse(writer, responseAdapterCache, value)
      is HeroDetailsImpl.Data.OtherData -> OtherData.toResponse(writer, responseAdapterCache, value)
    }
  }

  object DroidData {
    val RESPONSE_FIELDS: Array<ResponseField> = arrayOf(
      ResponseField.Typename,
      ResponseField(
        type = ResponseField.Type.NotNull(ResponseField.Type.Named.Other("String")),
        fieldName = "name",
      ),
      ResponseField(
        type = ResponseField.Type.NotNull(ResponseField.Type.Named.Object("FriendsConnection")),
        fieldName = "friendsConnection",
        fieldSets = listOf(
          ResponseField.FieldSet(null, FriendsConnection.RESPONSE_FIELDS)
        ),
      ),
      ResponseField(
        type = ResponseField.Type.Named.Other("String"),
        fieldName = "primaryFunction",
      )
    )

    val RESPONSE_NAMES: List<String> = RESPONSE_FIELDS.map { it.responseName }

    fun fromResponse(
      reader: JsonReader,
      responseAdapterCache: ResponseAdapterCache,
      __typename: String?
    ): HeroDetailsImpl.Data.DroidData {
      var __typename: String? = __typename
      var name: String? = null
      var friendsConnection: HeroDetailsImpl.Data.DroidData.FriendsConnection? = null
      var primaryFunction: String? = null
      while(true) {
        when (reader.selectName(RESPONSE_NAMES)) {
          0 -> __typename = StringResponseAdapter.fromResponse(reader, responseAdapterCache)
          1 -> name = StringResponseAdapter.fromResponse(reader, responseAdapterCache)
          2 -> friendsConnection = FriendsConnection.obj().fromResponse(reader,
              responseAdapterCache)
          3 -> primaryFunction = NullableStringResponseAdapter.fromResponse(reader,
              responseAdapterCache)
          else -> break
        }
      }
      return HeroDetailsImpl.Data.DroidData(
        __typename = __typename!!,
        name = name!!,
        friendsConnection = friendsConnection!!,
        primaryFunction = primaryFunction
      )
    }

    fun toResponse(
      writer: JsonWriter,
      responseAdapterCache: ResponseAdapterCache,
      value: HeroDetailsImpl.Data.DroidData
    ) {
      writer.name("__typename")
      StringResponseAdapter.toResponse(writer, responseAdapterCache, value.__typename)
      writer.name("name")
      StringResponseAdapter.toResponse(writer, responseAdapterCache, value.name)
      writer.name("friendsConnection")
      FriendsConnection.obj().toResponse(writer, responseAdapterCache, value.friendsConnection)
      writer.name("primaryFunction")
      NullableStringResponseAdapter.toResponse(writer, responseAdapterCache, value.primaryFunction)
    }

    object FriendsConnection : ResponseAdapter<HeroDetailsImpl.Data.DroidData.FriendsConnection> {
      val RESPONSE_FIELDS: Array<ResponseField> = arrayOf(
        ResponseField(
          type = ResponseField.Type.Named.Other("Int"),
          fieldName = "totalCount",
        ),
        ResponseField(
          type = ResponseField.Type.List(ResponseField.Type.Named.Object("FriendsEdge")),
          fieldName = "edges",
          fieldSets = listOf(
            ResponseField.FieldSet(null, Edges.RESPONSE_FIELDS)
          ),
        )
      )

      val RESPONSE_NAMES: List<String> = RESPONSE_FIELDS.map { it.responseName }

      override fun fromResponse(reader: JsonReader, responseAdapterCache: ResponseAdapterCache):
          HeroDetailsImpl.Data.DroidData.FriendsConnection {
        var totalCount: Int? = null
        var edges: List<HeroDetailsImpl.Data.DroidData.FriendsConnection.Edges?>? = null
        while(true) {
          when (reader.selectName(RESPONSE_NAMES)) {
            0 -> totalCount = NullableIntResponseAdapter.fromResponse(reader, responseAdapterCache)
            1 -> edges = Edges.obj().nullable().list().nullable().fromResponse(reader,
                responseAdapterCache)
            else -> break
          }
        }
        return HeroDetailsImpl.Data.DroidData.FriendsConnection(
          totalCount = totalCount,
          edges = edges
        )
      }

      override fun toResponse(
        writer: JsonWriter,
        responseAdapterCache: ResponseAdapterCache,
        value: HeroDetailsImpl.Data.DroidData.FriendsConnection
      ) {
        writer.name("totalCount")
        NullableIntResponseAdapter.toResponse(writer, responseAdapterCache, value.totalCount)
        writer.name("edges")
        Edges.obj().nullable().list().nullable().toResponse(writer, responseAdapterCache,
            value.edges)
      }

      object Edges : ResponseAdapter<HeroDetailsImpl.Data.DroidData.FriendsConnection.Edges> {
        val RESPONSE_FIELDS: Array<ResponseField> = arrayOf(
          ResponseField(
            type = ResponseField.Type.Named.Object("Character"),
            fieldName = "node",
            fieldSets = listOf(
              ResponseField.FieldSet(null, Node.RESPONSE_FIELDS)
            ),
          )
        )

        val RESPONSE_NAMES: List<String> = RESPONSE_FIELDS.map { it.responseName }

        override fun fromResponse(reader: JsonReader, responseAdapterCache: ResponseAdapterCache):
            HeroDetailsImpl.Data.DroidData.FriendsConnection.Edges {
          var node: HeroDetailsImpl.Data.DroidData.FriendsConnection.Edges.Node? = null
          while(true) {
            when (reader.selectName(RESPONSE_NAMES)) {
              0 -> node = Node.obj().nullable().fromResponse(reader, responseAdapterCache)
              else -> break
            }
          }
          return HeroDetailsImpl.Data.DroidData.FriendsConnection.Edges(
            node = node
          )
        }

        override fun toResponse(
          writer: JsonWriter,
          responseAdapterCache: ResponseAdapterCache,
          value: HeroDetailsImpl.Data.DroidData.FriendsConnection.Edges
        ) {
          writer.name("node")
          Node.obj().nullable().toResponse(writer, responseAdapterCache, value.node)
        }

        object Node : ResponseAdapter<HeroDetailsImpl.Data.DroidData.FriendsConnection.Edges.Node> {
          val RESPONSE_FIELDS: Array<ResponseField> = arrayOf(
            ResponseField(
              type = ResponseField.Type.NotNull(ResponseField.Type.Named.Other("String")),
              fieldName = "name",
            )
          )

          val RESPONSE_NAMES: List<String> = RESPONSE_FIELDS.map { it.responseName }

          override fun fromResponse(reader: JsonReader, responseAdapterCache: ResponseAdapterCache):
              HeroDetailsImpl.Data.DroidData.FriendsConnection.Edges.Node {
            var name: String? = null
            while(true) {
              when (reader.selectName(RESPONSE_NAMES)) {
                0 -> name = StringResponseAdapter.fromResponse(reader, responseAdapterCache)
                else -> break
              }
            }
            return HeroDetailsImpl.Data.DroidData.FriendsConnection.Edges.Node(
              name = name!!
            )
          }

          override fun toResponse(
            writer: JsonWriter,
            responseAdapterCache: ResponseAdapterCache,
            value: HeroDetailsImpl.Data.DroidData.FriendsConnection.Edges.Node
          ) {
            writer.name("name")
            StringResponseAdapter.toResponse(writer, responseAdapterCache, value.name)
          }
        }
      }
    }
  }

  object HumanData {
    val RESPONSE_FIELDS: Array<ResponseField> = arrayOf(
      ResponseField.Typename,
      ResponseField(
        type = ResponseField.Type.NotNull(ResponseField.Type.Named.Other("String")),
        fieldName = "name",
      ),
      ResponseField(
        type = ResponseField.Type.NotNull(ResponseField.Type.Named.Object("FriendsConnection")),
        fieldName = "friendsConnection",
        fieldSets = listOf(
          ResponseField.FieldSet(null, FriendsConnection.RESPONSE_FIELDS)
        ),
      )
    )

    val RESPONSE_NAMES: List<String> = RESPONSE_FIELDS.map { it.responseName }

    fun fromResponse(
      reader: JsonReader,
      responseAdapterCache: ResponseAdapterCache,
      __typename: String?
    ): HeroDetailsImpl.Data.HumanData {
      var __typename: String? = __typename
      var name: String? = null
      var friendsConnection: HeroDetailsImpl.Data.HumanData.FriendsConnection? = null
      while(true) {
        when (reader.selectName(RESPONSE_NAMES)) {
          0 -> __typename = StringResponseAdapter.fromResponse(reader, responseAdapterCache)
          1 -> name = StringResponseAdapter.fromResponse(reader, responseAdapterCache)
          2 -> friendsConnection = FriendsConnection.obj().fromResponse(reader,
              responseAdapterCache)
          else -> break
        }
      }
      return HeroDetailsImpl.Data.HumanData(
        __typename = __typename!!,
        name = name!!,
        friendsConnection = friendsConnection!!
      )
    }

    fun toResponse(
      writer: JsonWriter,
      responseAdapterCache: ResponseAdapterCache,
      value: HeroDetailsImpl.Data.HumanData
    ) {
      writer.name("__typename")
      StringResponseAdapter.toResponse(writer, responseAdapterCache, value.__typename)
      writer.name("name")
      StringResponseAdapter.toResponse(writer, responseAdapterCache, value.name)
      writer.name("friendsConnection")
      FriendsConnection.obj().toResponse(writer, responseAdapterCache, value.friendsConnection)
    }

    object FriendsConnection : ResponseAdapter<HeroDetailsImpl.Data.HumanData.FriendsConnection> {
      val RESPONSE_FIELDS: Array<ResponseField> = arrayOf(
        ResponseField(
          type = ResponseField.Type.Named.Other("Int"),
          fieldName = "totalCount",
        ),
        ResponseField(
          type = ResponseField.Type.List(ResponseField.Type.Named.Object("FriendsEdge")),
          fieldName = "edges",
          fieldSets = listOf(
            ResponseField.FieldSet(null, Edges.RESPONSE_FIELDS)
          ),
        )
      )

      val RESPONSE_NAMES: List<String> = RESPONSE_FIELDS.map { it.responseName }

      override fun fromResponse(reader: JsonReader, responseAdapterCache: ResponseAdapterCache):
          HeroDetailsImpl.Data.HumanData.FriendsConnection {
        var totalCount: Int? = null
        var edges: List<HeroDetailsImpl.Data.HumanData.FriendsConnection.Edges?>? = null
        while(true) {
          when (reader.selectName(RESPONSE_NAMES)) {
            0 -> totalCount = NullableIntResponseAdapter.fromResponse(reader, responseAdapterCache)
            1 -> edges = Edges.obj().nullable().list().nullable().fromResponse(reader,
                responseAdapterCache)
            else -> break
          }
        }
        return HeroDetailsImpl.Data.HumanData.FriendsConnection(
          totalCount = totalCount,
          edges = edges
        )
      }

      override fun toResponse(
        writer: JsonWriter,
        responseAdapterCache: ResponseAdapterCache,
        value: HeroDetailsImpl.Data.HumanData.FriendsConnection
      ) {
        writer.name("totalCount")
        NullableIntResponseAdapter.toResponse(writer, responseAdapterCache, value.totalCount)
        writer.name("edges")
        Edges.obj().nullable().list().nullable().toResponse(writer, responseAdapterCache,
            value.edges)
      }

      object Edges : ResponseAdapter<HeroDetailsImpl.Data.HumanData.FriendsConnection.Edges> {
        val RESPONSE_FIELDS: Array<ResponseField> = arrayOf(
          ResponseField(
            type = ResponseField.Type.Named.Object("Character"),
            fieldName = "node",
            fieldSets = listOf(
              ResponseField.FieldSet(null, Node.RESPONSE_FIELDS)
            ),
          )
        )

        val RESPONSE_NAMES: List<String> = RESPONSE_FIELDS.map { it.responseName }

        override fun fromResponse(reader: JsonReader, responseAdapterCache: ResponseAdapterCache):
            HeroDetailsImpl.Data.HumanData.FriendsConnection.Edges {
          var node: HeroDetailsImpl.Data.HumanData.FriendsConnection.Edges.Node? = null
          while(true) {
            when (reader.selectName(RESPONSE_NAMES)) {
              0 -> node = Node.obj().nullable().fromResponse(reader, responseAdapterCache)
              else -> break
            }
          }
          return HeroDetailsImpl.Data.HumanData.FriendsConnection.Edges(
            node = node
          )
        }

        override fun toResponse(
          writer: JsonWriter,
          responseAdapterCache: ResponseAdapterCache,
          value: HeroDetailsImpl.Data.HumanData.FriendsConnection.Edges
        ) {
          writer.name("node")
          Node.obj().nullable().toResponse(writer, responseAdapterCache, value.node)
        }

        object Node : ResponseAdapter<HeroDetailsImpl.Data.HumanData.FriendsConnection.Edges.Node> {
          val RESPONSE_FIELDS: Array<ResponseField> = arrayOf(
            ResponseField(
              type = ResponseField.Type.NotNull(ResponseField.Type.Named.Other("String")),
              fieldName = "name",
            )
          )

          val RESPONSE_NAMES: List<String> = RESPONSE_FIELDS.map { it.responseName }

          override fun fromResponse(reader: JsonReader, responseAdapterCache: ResponseAdapterCache):
              HeroDetailsImpl.Data.HumanData.FriendsConnection.Edges.Node {
            var name: String? = null
            while(true) {
              when (reader.selectName(RESPONSE_NAMES)) {
                0 -> name = StringResponseAdapter.fromResponse(reader, responseAdapterCache)
                else -> break
              }
            }
            return HeroDetailsImpl.Data.HumanData.FriendsConnection.Edges.Node(
              name = name!!
            )
          }

          override fun toResponse(
            writer: JsonWriter,
            responseAdapterCache: ResponseAdapterCache,
            value: HeroDetailsImpl.Data.HumanData.FriendsConnection.Edges.Node
          ) {
            writer.name("name")
            StringResponseAdapter.toResponse(writer, responseAdapterCache, value.name)
          }
        }
      }
    }
  }

  object OtherData {
    val RESPONSE_FIELDS: Array<ResponseField> = arrayOf(
      ResponseField.Typename,
      ResponseField(
        type = ResponseField.Type.NotNull(ResponseField.Type.Named.Other("String")),
        fieldName = "name",
      ),
      ResponseField(
        type = ResponseField.Type.NotNull(ResponseField.Type.Named.Object("FriendsConnection")),
        fieldName = "friendsConnection",
        fieldSets = listOf(
          ResponseField.FieldSet(null, FriendsConnection.RESPONSE_FIELDS)
        ),
      )
    )

    val RESPONSE_NAMES: List<String> = RESPONSE_FIELDS.map { it.responseName }

    fun fromResponse(
      reader: JsonReader,
      responseAdapterCache: ResponseAdapterCache,
      __typename: String?
    ): HeroDetailsImpl.Data.OtherData {
      var __typename: String? = __typename
      var name: String? = null
      var friendsConnection: HeroDetailsImpl.Data.OtherData.FriendsConnection? = null
      while(true) {
        when (reader.selectName(RESPONSE_NAMES)) {
          0 -> __typename = StringResponseAdapter.fromResponse(reader, responseAdapterCache)
          1 -> name = StringResponseAdapter.fromResponse(reader, responseAdapterCache)
          2 -> friendsConnection = FriendsConnection.obj().fromResponse(reader,
              responseAdapterCache)
          else -> break
        }
      }
      return HeroDetailsImpl.Data.OtherData(
        __typename = __typename!!,
        name = name!!,
        friendsConnection = friendsConnection!!
      )
    }

    fun toResponse(
      writer: JsonWriter,
      responseAdapterCache: ResponseAdapterCache,
      value: HeroDetailsImpl.Data.OtherData
    ) {
      writer.name("__typename")
      StringResponseAdapter.toResponse(writer, responseAdapterCache, value.__typename)
      writer.name("name")
      StringResponseAdapter.toResponse(writer, responseAdapterCache, value.name)
      writer.name("friendsConnection")
      FriendsConnection.obj().toResponse(writer, responseAdapterCache, value.friendsConnection)
    }

    object FriendsConnection : ResponseAdapter<HeroDetailsImpl.Data.OtherData.FriendsConnection> {
      val RESPONSE_FIELDS: Array<ResponseField> = arrayOf(
        ResponseField(
          type = ResponseField.Type.Named.Other("Int"),
          fieldName = "totalCount",
        ),
        ResponseField(
          type = ResponseField.Type.List(ResponseField.Type.Named.Object("FriendsEdge")),
          fieldName = "edges",
          fieldSets = listOf(
            ResponseField.FieldSet(null, Edges.RESPONSE_FIELDS)
          ),
        )
      )

      val RESPONSE_NAMES: List<String> = RESPONSE_FIELDS.map { it.responseName }

      override fun fromResponse(reader: JsonReader, responseAdapterCache: ResponseAdapterCache):
          HeroDetailsImpl.Data.OtherData.FriendsConnection {
        var totalCount: Int? = null
        var edges: List<HeroDetailsImpl.Data.OtherData.FriendsConnection.Edges?>? = null
        while(true) {
          when (reader.selectName(RESPONSE_NAMES)) {
            0 -> totalCount = NullableIntResponseAdapter.fromResponse(reader, responseAdapterCache)
            1 -> edges = Edges.obj().nullable().list().nullable().fromResponse(reader,
                responseAdapterCache)
            else -> break
          }
        }
        return HeroDetailsImpl.Data.OtherData.FriendsConnection(
          totalCount = totalCount,
          edges = edges
        )
      }

      override fun toResponse(
        writer: JsonWriter,
        responseAdapterCache: ResponseAdapterCache,
        value: HeroDetailsImpl.Data.OtherData.FriendsConnection
      ) {
        writer.name("totalCount")
        NullableIntResponseAdapter.toResponse(writer, responseAdapterCache, value.totalCount)
        writer.name("edges")
        Edges.obj().nullable().list().nullable().toResponse(writer, responseAdapterCache,
            value.edges)
      }

      object Edges : ResponseAdapter<HeroDetailsImpl.Data.OtherData.FriendsConnection.Edges> {
        val RESPONSE_FIELDS: Array<ResponseField> = arrayOf(
          ResponseField(
            type = ResponseField.Type.Named.Object("Character"),
            fieldName = "node",
            fieldSets = listOf(
              ResponseField.FieldSet(null, Node.RESPONSE_FIELDS)
            ),
          )
        )

        val RESPONSE_NAMES: List<String> = RESPONSE_FIELDS.map { it.responseName }

        override fun fromResponse(reader: JsonReader, responseAdapterCache: ResponseAdapterCache):
            HeroDetailsImpl.Data.OtherData.FriendsConnection.Edges {
          var node: HeroDetailsImpl.Data.OtherData.FriendsConnection.Edges.Node? = null
          while(true) {
            when (reader.selectName(RESPONSE_NAMES)) {
              0 -> node = Node.obj().nullable().fromResponse(reader, responseAdapterCache)
              else -> break
            }
          }
          return HeroDetailsImpl.Data.OtherData.FriendsConnection.Edges(
            node = node
          )
        }

        override fun toResponse(
          writer: JsonWriter,
          responseAdapterCache: ResponseAdapterCache,
          value: HeroDetailsImpl.Data.OtherData.FriendsConnection.Edges
        ) {
          writer.name("node")
          Node.obj().nullable().toResponse(writer, responseAdapterCache, value.node)
        }

        object Node : ResponseAdapter<HeroDetailsImpl.Data.OtherData.FriendsConnection.Edges.Node> {
          val RESPONSE_FIELDS: Array<ResponseField> = arrayOf(
            ResponseField(
              type = ResponseField.Type.NotNull(ResponseField.Type.Named.Other("String")),
              fieldName = "name",
            )
          )

          val RESPONSE_NAMES: List<String> = RESPONSE_FIELDS.map { it.responseName }

          override fun fromResponse(reader: JsonReader, responseAdapterCache: ResponseAdapterCache):
              HeroDetailsImpl.Data.OtherData.FriendsConnection.Edges.Node {
            var name: String? = null
            while(true) {
              when (reader.selectName(RESPONSE_NAMES)) {
                0 -> name = StringResponseAdapter.fromResponse(reader, responseAdapterCache)
                else -> break
              }
            }
            return HeroDetailsImpl.Data.OtherData.FriendsConnection.Edges.Node(
              name = name!!
            )
          }

          override fun toResponse(
            writer: JsonWriter,
            responseAdapterCache: ResponseAdapterCache,
            value: HeroDetailsImpl.Data.OtherData.FriendsConnection.Edges.Node
          ) {
            writer.name("name")
            StringResponseAdapter.toResponse(writer, responseAdapterCache, value.name)
          }
        }
      }
    }
  }
}
