// AUTO-GENERATED FILE. DO NOT MODIFY.
//
// This class was automatically generated by Apollo GraphQL plugin from the GraphQL queries it found.
// It should not be modified by hand.
//
package com.example.named_fragment_delegate.fragment.adapter

import com.apollographql.apollo3.api.ResponseAdapter
import com.apollographql.apollo3.api.ResponseAdapterCache
import com.apollographql.apollo3.api.ResponseField
import com.apollographql.apollo3.api.StringResponseAdapter
import com.apollographql.apollo3.api.json.JsonReader
import com.apollographql.apollo3.api.json.JsonWriter
import com.apollographql.apollo3.api.list
import com.apollographql.apollo3.api.nullable
import com.apollographql.apollo3.api.obj
import com.example.named_fragment_delegate.fragment.HumanDetailsImpl
import com.example.named_fragment_delegate.type.CustomScalars
import kotlin.Any
import kotlin.Array
import kotlin.String
import kotlin.Suppress
import kotlin.collections.List

@Suppress("NAME_SHADOWING", "UNUSED_ANONYMOUS_PARAMETER", "LocalVariableName",
    "RemoveExplicitTypeArguments", "NestedLambdaShadowedImplicitParameter", "PropertyName",
    "RemoveRedundantQualifierName")
object HumanDetailsImpl_ResponseAdapter : ResponseAdapter<HumanDetailsImpl.Data> {
  val RESPONSE_FIELDS: Array<ResponseField> = arrayOf(
    ResponseField.Typename,
    ResponseField(
      type = ResponseField.Type.NotNull(ResponseField.Type.Named.Other("String")),
      fieldName = "name",
    ),
    ResponseField(
      type = ResponseField.Type.NotNull(ResponseField.Type.Named.Other("URL")),
      fieldName = "profileLink",
    ),
    ResponseField(
      type = ResponseField.Type.NotNull(ResponseField.Type.Named.Object("FriendsConnection")),
      fieldName = "friendsConnection",
      fieldSets = listOf(
        ResponseField.FieldSet(null, FriendsConnection.RESPONSE_FIELDS)
      ),
    )
  )

  val RESPONSE_NAMES: List<String> = RESPONSE_FIELDS.map { it.responseName }

  override fun fromResponse(reader: JsonReader, responseAdapterCache: ResponseAdapterCache):
      HumanDetailsImpl.Data {
    var __typename: String? = null
    var name: String? = null
    var profileLink: Any? = null
    var friendsConnection: HumanDetailsImpl.Data.FriendsConnection? = null
    while(true) {
      when (reader.selectName(RESPONSE_NAMES)) {
        0 -> __typename = StringResponseAdapter.fromResponse(reader, responseAdapterCache)
        1 -> name = StringResponseAdapter.fromResponse(reader, responseAdapterCache)
        2 -> profileLink = responseAdapterCache.responseAdapterFor<Any>(CustomScalars.URL).fromResponse(reader,
            responseAdapterCache)
        3 -> friendsConnection = FriendsConnection.obj().fromResponse(reader, responseAdapterCache)
        else -> break
      }
    }
    return HumanDetailsImpl.Data(
      __typename = __typename!!,
      name = name!!,
      profileLink = profileLink!!,
      friendsConnection = friendsConnection!!
    )
  }

  override fun toResponse(
    writer: JsonWriter,
    responseAdapterCache: ResponseAdapterCache,
    value: HumanDetailsImpl.Data
  ) {
    writer.name("__typename")
    StringResponseAdapter.toResponse(writer, responseAdapterCache, value.__typename)
    writer.name("name")
    StringResponseAdapter.toResponse(writer, responseAdapterCache, value.name)
    writer.name("profileLink")
    responseAdapterCache.responseAdapterFor<Any>(CustomScalars.URL).toResponse(writer,
        responseAdapterCache, value.profileLink)
    writer.name("friendsConnection")
    FriendsConnection.obj().toResponse(writer, responseAdapterCache, value.friendsConnection)
  }

  object FriendsConnection : ResponseAdapter<HumanDetailsImpl.Data.FriendsConnection> {
    val RESPONSE_FIELDS: Array<ResponseField> = arrayOf(
      ResponseField(
        type = ResponseField.Type.List(ResponseField.Type.Named.Object("FriendsEdge")),
        fieldName = "edges",
        fieldSets = listOf(
          ResponseField.FieldSet(null, Edges.RESPONSE_FIELDS)
        ),
      )
    )

    val RESPONSE_NAMES: List<String> = RESPONSE_FIELDS.map { it.responseName }

    override fun fromResponse(reader: JsonReader, responseAdapterCache: ResponseAdapterCache):
        HumanDetailsImpl.Data.FriendsConnection {
      var edges: List<HumanDetailsImpl.Data.FriendsConnection.Edges?>? = null
      while(true) {
        when (reader.selectName(RESPONSE_NAMES)) {
          0 -> edges = Edges.obj().nullable().list().nullable().fromResponse(reader,
              responseAdapterCache)
          else -> break
        }
      }
      return HumanDetailsImpl.Data.FriendsConnection(
        edges = edges
      )
    }

    override fun toResponse(
      writer: JsonWriter,
      responseAdapterCache: ResponseAdapterCache,
      value: HumanDetailsImpl.Data.FriendsConnection
    ) {
      writer.name("edges")
      Edges.obj().nullable().list().nullable().toResponse(writer, responseAdapterCache, value.edges)
    }

    object Edges : ResponseAdapter<HumanDetailsImpl.Data.FriendsConnection.Edges> {
      val RESPONSE_FIELDS: Array<ResponseField> = arrayOf(
        ResponseField(
          type = ResponseField.Type.Named.Object("Character"),
          fieldName = "node",
          fieldSets = listOf(
            ResponseField.FieldSet(null, Node.RESPONSE_FIELDS)
          ),
        )
      )

      val RESPONSE_NAMES: List<String> = RESPONSE_FIELDS.map { it.responseName }

      override fun fromResponse(reader: JsonReader, responseAdapterCache: ResponseAdapterCache):
          HumanDetailsImpl.Data.FriendsConnection.Edges {
        var node: HumanDetailsImpl.Data.FriendsConnection.Edges.Node? = null
        while(true) {
          when (reader.selectName(RESPONSE_NAMES)) {
            0 -> node = Node.obj().nullable().fromResponse(reader, responseAdapterCache)
            else -> break
          }
        }
        return HumanDetailsImpl.Data.FriendsConnection.Edges(
          node = node
        )
      }

      override fun toResponse(
        writer: JsonWriter,
        responseAdapterCache: ResponseAdapterCache,
        value: HumanDetailsImpl.Data.FriendsConnection.Edges
      ) {
        writer.name("node")
        Node.obj().nullable().toResponse(writer, responseAdapterCache, value.node)
      }

      object Node : ResponseAdapter<HumanDetailsImpl.Data.FriendsConnection.Edges.Node> {
        val RESPONSE_FIELDS: Array<ResponseField> = arrayOf(
          ResponseField(
            type = ResponseField.Type.NotNull(ResponseField.Type.Named.Other("String")),
            fieldName = "name",
          )
        )

        val RESPONSE_NAMES: List<String> = RESPONSE_FIELDS.map { it.responseName }

        override fun fromResponse(reader: JsonReader, responseAdapterCache: ResponseAdapterCache):
            HumanDetailsImpl.Data.FriendsConnection.Edges.Node {
          var name: String? = null
          while(true) {
            when (reader.selectName(RESPONSE_NAMES)) {
              0 -> name = StringResponseAdapter.fromResponse(reader, responseAdapterCache)
              else -> break
            }
          }
          return HumanDetailsImpl.Data.FriendsConnection.Edges.Node(
            name = name!!
          )
        }

        override fun toResponse(
          writer: JsonWriter,
          responseAdapterCache: ResponseAdapterCache,
          value: HumanDetailsImpl.Data.FriendsConnection.Edges.Node
        ) {
          writer.name("name")
          StringResponseAdapter.toResponse(writer, responseAdapterCache, value.name)
        }
      }
    }
  }
}
