// AUTO-GENERATED FILE. DO NOT MODIFY.
//
// This class was automatically generated by Apollo GraphQL plugin from the GraphQL queries it found.
// It should not be modified by hand.
//
package com.example.inline_fragments_with_friends.adapter

import com.apollographql.apollo3.api.NullableDoubleResponseAdapter
import com.apollographql.apollo3.api.NullableStringResponseAdapter
import com.apollographql.apollo3.api.ResponseAdapter
import com.apollographql.apollo3.api.ResponseAdapterCache
import com.apollographql.apollo3.api.ResponseField
import com.apollographql.apollo3.api.StringResponseAdapter
import com.apollographql.apollo3.api.internal.json.MapJsonReader
import com.apollographql.apollo3.api.json.JsonReader
import com.apollographql.apollo3.api.json.JsonWriter
import com.apollographql.apollo3.api.list
import com.apollographql.apollo3.api.nullable
import com.apollographql.apollo3.api.obj
import com.example.inline_fragments_with_friends.TestQuery
import com.example.inline_fragments_with_friends.type.Episode
import com.example.inline_fragments_with_friends.type.Episode_ResponseAdapter
import kotlin.Array
import kotlin.Double
import kotlin.String
import kotlin.Suppress
import kotlin.collections.List

@Suppress("NAME_SHADOWING", "UNUSED_ANONYMOUS_PARAMETER", "LocalVariableName",
    "RemoveExplicitTypeArguments", "NestedLambdaShadowedImplicitParameter", "PropertyName",
    "RemoveRedundantQualifierName")
object TestQuery_ResponseAdapter : ResponseAdapter<TestQuery.Data> {
  val RESPONSE_FIELDS: Array<ResponseField> = arrayOf(
    ResponseField(
      type = ResponseField.Type.Named.Object("Character"),
      fieldName = "hero",
      fieldSets = listOf(
        ResponseField.FieldSet("Human", Hero.AsHuman.RESPONSE_FIELDS),
        ResponseField.FieldSet("Droid", Hero.AsDroid.RESPONSE_FIELDS),
      ),
    )
  )

  val RESPONSE_NAMES: List<String> = RESPONSE_FIELDS.map { it.responseName }

  override fun fromResponse(reader: JsonReader, responseAdapterCache: ResponseAdapterCache):
      TestQuery.Data {
    var hero: TestQuery.Data.Hero? = null
    while(true) {
      when (reader.selectName(RESPONSE_NAMES)) {
        0 -> hero = Hero.obj(true).nullable().fromResponse(reader, responseAdapterCache)
        else -> break
      }
    }
    return TestQuery.Data(
      hero = hero
    )
  }

  override fun toResponse(
    writer: JsonWriter,
    responseAdapterCache: ResponseAdapterCache,
    value: TestQuery.Data
  ) {
    writer.name("hero")
    Hero.obj(true).nullable().toResponse(writer, responseAdapterCache, value.hero)
  }

  object Hero : ResponseAdapter<TestQuery.Data.Hero> {
    val RESPONSE_FIELDS: Array<ResponseField> = arrayOf(
      ResponseField.Typename,
      ResponseField(
        type = ResponseField.Type.NotNull(ResponseField.Type.Named.Other("String")),
        fieldName = "name",
      )
    )

    val RESPONSE_NAMES: List<String> = RESPONSE_FIELDS.map { it.responseName }

    override fun fromResponse(reader: JsonReader, responseAdapterCache: ResponseAdapterCache):
        TestQuery.Data.Hero {
      var __typename: String? = null
      var name: String? = null

      var asAsHuman: TestQuery.Data.Hero.AsHuman? = null
      var asAsDroid: TestQuery.Data.Hero.AsDroid? = null
      while(true) {
        when (reader.selectName(RESPONSE_NAMES)) {
          0 -> __typename = StringResponseAdapter.fromResponse(reader, responseAdapterCache)
          1 -> name = StringResponseAdapter.fromResponse(reader, responseAdapterCache)
          else -> break
        }
      }
      if (__typename in arrayOf("Human")) {
        (reader as MapJsonReader).rewind()
        asAsHuman = AsHuman.fromResponse(reader, responseAdapterCache)
      }
      if (__typename in arrayOf("Droid")) {
        (reader as MapJsonReader).rewind()
        asAsDroid = AsDroid.fromResponse(reader, responseAdapterCache)
      }

      return TestQuery.Data.Hero(
        __typename = __typename!!,
        name = name!!,
        asAsHuman = asAsHuman,
        asAsDroid = asAsDroid
      )
    }

    override fun toResponse(
      writer: JsonWriter,
      responseAdapterCache: ResponseAdapterCache,
      value: TestQuery.Data.Hero
    ) {
      writer.name("__typename")
      StringResponseAdapter.toResponse(writer, responseAdapterCache, value.__typename)

      writer.name("name")
      StringResponseAdapter.toResponse(writer, responseAdapterCache, value.name)
      if (value.asAsHuman != null) AsHuman.toResponse(writer, responseAdapterCache, value.asAsHuman)
      if (value.asAsDroid != null) AsDroid.toResponse(writer, responseAdapterCache, value.asAsDroid)
    }

    object AsHuman : ResponseAdapter<TestQuery.Data.Hero.AsHuman> {
      val RESPONSE_FIELDS: Array<ResponseField> = arrayOf(
        ResponseField.Typename,
        ResponseField(
          type = ResponseField.Type.NotNull(ResponseField.Type.Named.Other("String")),
          fieldName = "name",
        ),
        ResponseField(
          type = ResponseField.Type.Named.Other("Float"),
          fieldName = "height",
        ),
        ResponseField(
          type = ResponseField.Type.List(ResponseField.Type.Named.Object("Character")),
          fieldName = "friends",
          fieldSets = listOf(
            ResponseField.FieldSet(null, Friends.RESPONSE_FIELDS)
          ),
        )
      )

      val RESPONSE_NAMES: List<String> = RESPONSE_FIELDS.map { it.responseName }

      override fun fromResponse(reader: JsonReader, responseAdapterCache: ResponseAdapterCache):
          TestQuery.Data.Hero.AsHuman {
        var __typename: String? = null
        var name: String? = null
        var height: Double? = null
        var friends: List<TestQuery.Data.Hero.AsHuman.Friends?>? = null
        while(true) {
          when (reader.selectName(RESPONSE_NAMES)) {
            0 -> __typename = StringResponseAdapter.fromResponse(reader, responseAdapterCache)
            1 -> name = StringResponseAdapter.fromResponse(reader, responseAdapterCache)
            2 -> height = NullableDoubleResponseAdapter.fromResponse(reader, responseAdapterCache)
            3 -> friends = Friends.obj().nullable().list().nullable().fromResponse(reader,
                responseAdapterCache)
            else -> break
          }
        }
        return TestQuery.Data.Hero.AsHuman(
          __typename = __typename!!,
          name = name!!,
          height = height,
          friends = friends
        )
      }

      override fun toResponse(
        writer: JsonWriter,
        responseAdapterCache: ResponseAdapterCache,
        value: TestQuery.Data.Hero.AsHuman
      ) {
        writer.name("__typename")
        StringResponseAdapter.toResponse(writer, responseAdapterCache, value.__typename)
        writer.name("name")
        StringResponseAdapter.toResponse(writer, responseAdapterCache, value.name)
        writer.name("height")
        NullableDoubleResponseAdapter.toResponse(writer, responseAdapterCache, value.height)
        writer.name("friends")
        Friends.obj().nullable().list().nullable().toResponse(writer, responseAdapterCache,
            value.friends)
      }

      object Friends : ResponseAdapter<TestQuery.Data.Hero.AsHuman.Friends> {
        val RESPONSE_FIELDS: Array<ResponseField> = arrayOf(
          ResponseField(
            type =
                ResponseField.Type.NotNull(ResponseField.Type.List(ResponseField.Type.Named.Other("Episode"))),
            fieldName = "appearsIn",
          )
        )

        val RESPONSE_NAMES: List<String> = RESPONSE_FIELDS.map { it.responseName }

        override fun fromResponse(reader: JsonReader, responseAdapterCache: ResponseAdapterCache):
            TestQuery.Data.Hero.AsHuman.Friends {
          var appearsIn: List<Episode?>? = null
          while(true) {
            when (reader.selectName(RESPONSE_NAMES)) {
              0 -> appearsIn = Episode_ResponseAdapter.nullable().list().fromResponse(reader,
                  responseAdapterCache)
              else -> break
            }
          }
          return TestQuery.Data.Hero.AsHuman.Friends(
            appearsIn = appearsIn!!
          )
        }

        override fun toResponse(
          writer: JsonWriter,
          responseAdapterCache: ResponseAdapterCache,
          value: TestQuery.Data.Hero.AsHuman.Friends
        ) {
          writer.name("appearsIn")
          Episode_ResponseAdapter.nullable().list().toResponse(writer, responseAdapterCache,
              value.appearsIn)
        }
      }
    }

    object AsDroid : ResponseAdapter<TestQuery.Data.Hero.AsDroid> {
      val RESPONSE_FIELDS: Array<ResponseField> = arrayOf(
        ResponseField.Typename,
        ResponseField(
          type = ResponseField.Type.NotNull(ResponseField.Type.Named.Other("String")),
          fieldName = "name",
        ),
        ResponseField(
          type = ResponseField.Type.Named.Other("String"),
          fieldName = "primaryFunction",
        ),
        ResponseField(
          type = ResponseField.Type.List(ResponseField.Type.Named.Object("Character")),
          fieldName = "friends",
          fieldSets = listOf(
            ResponseField.FieldSet(null, Friends.RESPONSE_FIELDS)
          ),
        )
      )

      val RESPONSE_NAMES: List<String> = RESPONSE_FIELDS.map { it.responseName }

      override fun fromResponse(reader: JsonReader, responseAdapterCache: ResponseAdapterCache):
          TestQuery.Data.Hero.AsDroid {
        var __typename: String? = null
        var name: String? = null
        var primaryFunction: String? = null
        var friends: List<TestQuery.Data.Hero.AsDroid.Friends?>? = null
        while(true) {
          when (reader.selectName(RESPONSE_NAMES)) {
            0 -> __typename = StringResponseAdapter.fromResponse(reader, responseAdapterCache)
            1 -> name = StringResponseAdapter.fromResponse(reader, responseAdapterCache)
            2 -> primaryFunction = NullableStringResponseAdapter.fromResponse(reader,
                responseAdapterCache)
            3 -> friends = Friends.obj().nullable().list().nullable().fromResponse(reader,
                responseAdapterCache)
            else -> break
          }
        }
        return TestQuery.Data.Hero.AsDroid(
          __typename = __typename!!,
          name = name!!,
          primaryFunction = primaryFunction,
          friends = friends
        )
      }

      override fun toResponse(
        writer: JsonWriter,
        responseAdapterCache: ResponseAdapterCache,
        value: TestQuery.Data.Hero.AsDroid
      ) {
        writer.name("__typename")
        StringResponseAdapter.toResponse(writer, responseAdapterCache, value.__typename)
        writer.name("name")
        StringResponseAdapter.toResponse(writer, responseAdapterCache, value.name)
        writer.name("primaryFunction")
        NullableStringResponseAdapter.toResponse(writer, responseAdapterCache,
            value.primaryFunction)
        writer.name("friends")
        Friends.obj().nullable().list().nullable().toResponse(writer, responseAdapterCache,
            value.friends)
      }

      object Friends : ResponseAdapter<TestQuery.Data.Hero.AsDroid.Friends> {
        val RESPONSE_FIELDS: Array<ResponseField> = arrayOf(
          ResponseField(
            type = ResponseField.Type.NotNull(ResponseField.Type.Named.Other("String")),
            fieldName = "id",
          )
        )

        val RESPONSE_NAMES: List<String> = RESPONSE_FIELDS.map { it.responseName }

        override fun fromResponse(reader: JsonReader, responseAdapterCache: ResponseAdapterCache):
            TestQuery.Data.Hero.AsDroid.Friends {
          var id: String? = null
          while(true) {
            when (reader.selectName(RESPONSE_NAMES)) {
              0 -> id = StringResponseAdapter.fromResponse(reader, responseAdapterCache)
              else -> break
            }
          }
          return TestQuery.Data.Hero.AsDroid.Friends(
            id = id!!
          )
        }

        override fun toResponse(
          writer: JsonWriter,
          responseAdapterCache: ResponseAdapterCache,
          value: TestQuery.Data.Hero.AsDroid.Friends
        ) {
          writer.name("id")
          StringResponseAdapter.toResponse(writer, responseAdapterCache, value.id)
        }
      }
    }
  }
}
