// AUTO-GENERATED FILE. DO NOT MODIFY.
//
// This class was automatically generated by Apollo GraphQL plugin from the GraphQL queries it found.
// It should not be modified by hand.
//
package com.example.union_inline_fragments

import com.apollographql.apollo3.api.Query
import com.apollographql.apollo3.api.QueryDocumentMinifier
import com.apollographql.apollo3.api.ResponseAdapter
import com.apollographql.apollo3.api.ResponseAdapterCache
import com.apollographql.apollo3.api.ResponseField
import com.apollographql.apollo3.api.json.JsonWriter
import com.apollographql.apollo3.api.obj
import com.example.union_inline_fragments.adapter.TestQuery_ResponseAdapter
import com.example.union_inline_fragments.adapter.TestQuery_VariablesAdapter
import com.example.union_inline_fragments.type.Episode
import kotlin.String
import kotlin.Suppress
import kotlin.collections.List

@Suppress("NAME_SHADOWING", "UNUSED_ANONYMOUS_PARAMETER", "LocalVariableName",
    "RemoveExplicitTypeArguments", "NestedLambdaShadowedImplicitParameter", "PropertyName",
    "RemoveRedundantQualifierName")
class TestQuery : Query<TestQuery.Data> {
  override fun operationId(): String = OPERATION_ID

  override fun queryDocument(): String = QUERY_DOCUMENT

  override fun serializeVariables(writer: JsonWriter, responseAdapterCache: ResponseAdapterCache) {
    TestQuery_VariablesAdapter.obj().toResponse(writer, responseAdapterCache, this)
  }

  override fun name(): String = OPERATION_NAME

  override fun adapter(): ResponseAdapter<Data> {
    return TestQuery_ResponseAdapter.obj()
  }

  override fun responseFields(): List<ResponseField.FieldSet> = listOf(
    ResponseField.FieldSet(null, TestQuery_ResponseAdapter.RESPONSE_FIELDS)
  )
  /**
   * The query type, represents all of the entry points into our object graph
   */
  data class Data(
    val search: List<Search?>?
  ) : Query.Data {
    fun searchFilterNotNull(): List<Search>? = search?.filterNotNull()

    data class Search(
      val __typename: String = "SearchResult",
      val asAsCharacter: AsCharacter?,
      val asAsStarship: AsStarship?
    ) {
      data class AsCharacter(
        val __typename: String,
        /**
         * The ID of the character
         */
        val id: String,
        /**
         * The name of the character
         */
        val name: String,
        /**
         * The friends of the character, or an empty list if they have none
         */
        val friends: List<Friends?>?
      ) {
        fun friendsFilterNotNull(): List<Friends>? = friends?.filterNotNull()

        /**
         * A character from the Star Wars universe
         */
        data class Friends(
          val __typename: String = "Character",
          val asAsCharacter: AsCharacter?,
          val asAsHuman: AsHuman?,
          val asAsDroid: AsDroid?
        ) {
          data class AsCharacter(
            val __typename: String,
            /**
             * The name of the character
             */
            val name: String
          )

          data class AsHuman(
            val __typename: String,
            /**
             * The home planet of the human, or null if unknown
             */
            val homePlanet: String?,
            /**
             * This human's friends, or an empty list if they have none
             */
            val friends: List<Friends?>?
          ) {
            fun friendsFilterNotNull(): List<Friends>? = friends?.filterNotNull()

            /**
             * A character from the Star Wars universe
             */
            data class Friends(
              val __typename: String = "Character",
              val asAsCharacter: AsCharacter?
            ) {
              data class AsCharacter(
                val __typename: String,
                /**
                 * The movie this character first appears in
                 */
                val firstAppearsIn: Episode
              )
            }
          }

          data class AsDroid(
            val __typename: String,
            /**
             * This droid's primary function
             */
            val primaryFunction: String?,
            /**
             * This droid's friends, or an empty list if they have none
             */
            val friends: List<Friends?>?
          ) {
            fun friendsFilterNotNull(): List<Friends>? = friends?.filterNotNull()

            /**
             * A character from the Star Wars universe
             */
            data class Friends(
              /**
               * The ID of the character
               */
              val id: String
            )
          }
        }
      }

      data class AsStarship(
        val __typename: String,
        /**
         * The name of the starship
         */
        val name: String
      )
    }
  }

  companion object {
    const val OPERATION_ID: String =
        "2c2de063c729a4ce1b51648279b6afd6372ac91ae33c304f4e33d20fb098cfc6"

    val QUERY_DOCUMENT: String = QueryDocumentMinifier.minify(
          """
          |query TestQuery {
          |  search(text: "test") {
          |    __typename
          |    ... on Character {
          |      id
          |      name
          |      friends {
          |        __typename
          |        ... on Character {
          |          name
          |        }
          |        ... on Human {
          |          homePlanet
          |          friends {
          |            __typename
          |            ... on Character {
          |              firstAppearsIn
          |            }
          |          }
          |        }
          |        ... on Droid {
          |          primaryFunction
          |          friends {
          |            id
          |          }
          |        }
          |      }
          |    }
          |    ... on Starship {
          |      name
          |    }
          |  }
          |}
          """.trimMargin()
        )

    val OPERATION_NAME: String = "TestQuery"
  }
}
