// AUTO-GENERATED FILE. DO NOT MODIFY.
//
// This class was automatically generated by Apollo GraphQL plugin from the GraphQL queries it found.
// It should not be modified by hand.
//
package com.example.nested_conditional_inline

import com.apollographql.apollo3.api.Input
import com.apollographql.apollo3.api.Query
import com.apollographql.apollo3.api.QueryDocumentMinifier
import com.apollographql.apollo3.api.ResponseAdapter
import com.apollographql.apollo3.api.ResponseAdapterCache
import com.apollographql.apollo3.api.ResponseField
import com.apollographql.apollo3.api.json.JsonWriter
import com.apollographql.apollo3.api.obj
import com.example.nested_conditional_inline.adapter.TestQuery_ResponseAdapter
import com.example.nested_conditional_inline.adapter.TestQuery_VariablesAdapter
import com.example.nested_conditional_inline.type.Episode
import kotlin.Double
import kotlin.String
import kotlin.Suppress
import kotlin.collections.List

@Suppress("NAME_SHADOWING", "UNUSED_ANONYMOUS_PARAMETER", "LocalVariableName",
    "RemoveExplicitTypeArguments", "NestedLambdaShadowedImplicitParameter", "PropertyName",
    "RemoveRedundantQualifierName")
data class TestQuery(
  val episode: Input<Episode?> = Input.Absent
) : Query<TestQuery.Data> {
  override fun operationId(): String = OPERATION_ID

  override fun queryDocument(): String = QUERY_DOCUMENT

  override fun serializeVariables(writer: JsonWriter, responseAdapterCache: ResponseAdapterCache) {
    TestQuery_VariablesAdapter.obj().toResponse(writer, responseAdapterCache, this)
  }

  override fun name(): String = OPERATION_NAME

  override fun adapter(): ResponseAdapter<Data> {
    return TestQuery_ResponseAdapter.obj()
  }

  override fun responseFields(): List<ResponseField.FieldSet> = listOf(
    ResponseField.FieldSet(null, TestQuery_ResponseAdapter.RESPONSE_FIELDS)
  )
  /**
   * The query type, represents all of the entry points into our object graph
   */
  data class Data(
    val hero: Hero?
  ) : Query.Data {
    /**
     * A character from the Star Wars universe
     */
    data class Hero(
      val __typename: String = "Character",
      /**
       * The name of the character
       */
      val name: String,
      val asAsHuman: AsHuman?,
      val asAsDroid: AsDroid?
    ) {
      data class AsHuman(
        val __typename: String,
        /**
         * The name of the character
         */
        val name: String,
        /**
         * This human's friends, or an empty list if they have none
         */
        val friends: List<Friends?>?
      ) {
        fun friendsFilterNotNull(): List<Friends>? = friends?.filterNotNull()

        /**
         * A character from the Star Wars universe
         */
        data class Friends(
          val __typename: String = "Character",
          /**
           * The name of the character
           */
          val name: String,
          val asAsHuman: AsHuman?
        ) {
          data class AsHuman(
            val __typename: String,
            /**
             * The name of the character
             */
            val name: String,
            /**
             * Height in the preferred unit, default is meters
             */
            val height: Double?
          )
        }
      }

      data class AsDroid(
        val __typename: String,
        /**
         * The name of the character
         */
        val name: String,
        /**
         * This droid's friends, or an empty list if they have none
         */
        val friends: List<Friends?>?
      ) {
        fun friendsFilterNotNull(): List<Friends>? = friends?.filterNotNull()

        /**
         * A character from the Star Wars universe
         */
        data class Friends(
          val __typename: String = "Character",
          /**
           * The name of the character
           */
          val name: String,
          val asAsHuman: AsHuman?
        ) {
          data class AsHuman(
            val __typename: String,
            /**
             * The name of the character
             */
            val name: String,
            /**
             * Height in the preferred unit, default is meters
             */
            val height: Double?
          )
        }
      }
    }
  }

  companion object {
    const val OPERATION_ID: String =
        "a9f066a7d1092096ab154f16f32114a4bd71e959b789f37879249cdf6309ea86"

    val QUERY_DOCUMENT: String = QueryDocumentMinifier.minify(
          """
          |query TestQuery(${'$'}episode: Episode) {
          |  hero(episode: ${'$'}episode) {
          |    __typename
          |    name
          |    ... on Human {
          |      friends {
          |        __typename
          |        name
          |        ... on Human {
          |          height(unit: FOOT)
          |        }
          |      }
          |    }
          |    ... on Droid {
          |      friends {
          |        __typename
          |        name
          |        ... on Human {
          |          height(unit: METER)
          |        }
          |      }
          |    }
          |  }
          |}
          """.trimMargin()
        )

    val OPERATION_NAME: String = "TestQuery"
  }
}
