// AUTO-GENERATED FILE. DO NOT MODIFY.
//
// This class was automatically generated by Apollo GraphQL plugin from the GraphQL queries it found.
// It should not be modified by hand.
//
package com.example.simple_inline_fragment.adapter

import com.apollographql.apollo3.api.NullableDoubleResponseAdapter
import com.apollographql.apollo3.api.NullableStringResponseAdapter
import com.apollographql.apollo3.api.ResponseAdapter
import com.apollographql.apollo3.api.ResponseAdapterCache
import com.apollographql.apollo3.api.ResponseField
import com.apollographql.apollo3.api.StringResponseAdapter
import com.apollographql.apollo3.api.internal.json.MapJsonReader
import com.apollographql.apollo3.api.json.JsonReader
import com.apollographql.apollo3.api.json.JsonWriter
import com.apollographql.apollo3.api.nullable
import com.apollographql.apollo3.api.obj
import com.example.simple_inline_fragment.TestQuery
import kotlin.Array
import kotlin.Double
import kotlin.String
import kotlin.Suppress
import kotlin.collections.List

@Suppress("NAME_SHADOWING", "UNUSED_ANONYMOUS_PARAMETER", "LocalVariableName",
    "RemoveExplicitTypeArguments", "NestedLambdaShadowedImplicitParameter", "PropertyName",
    "RemoveRedundantQualifierName")
object TestQuery_ResponseAdapter : ResponseAdapter<TestQuery.Data> {
  val RESPONSE_FIELDS: Array<ResponseField> = arrayOf(
    ResponseField(
      type = ResponseField.Type.Named.Object("Character"),
      fieldName = "hero",
      fieldSets = listOf(
        ResponseField.FieldSet("Droid", Hero.AsCharacter.RESPONSE_FIELDS),
        ResponseField.FieldSet("Human", Hero.AsCharacter.RESPONSE_FIELDS),
        ResponseField.FieldSet("Human", Hero.AsHuman.RESPONSE_FIELDS),
        ResponseField.FieldSet("Droid", Hero.AsDroid.RESPONSE_FIELDS),
      ),
    )
  )

  val RESPONSE_NAMES: List<String> = RESPONSE_FIELDS.map { it.responseName }

  override fun fromResponse(reader: JsonReader, responseAdapterCache: ResponseAdapterCache):
      TestQuery.Data {
    var hero: TestQuery.Data.Hero? = null
    while(true) {
      when (reader.selectName(RESPONSE_NAMES)) {
        0 -> hero = Hero.obj(true).nullable().fromResponse(reader, responseAdapterCache)
        else -> break
      }
    }
    return TestQuery.Data(
      hero = hero
    )
  }

  override fun toResponse(
    writer: JsonWriter,
    responseAdapterCache: ResponseAdapterCache,
    value: TestQuery.Data
  ) {
    writer.beginObject()
    writer.name("hero")
    Hero.obj(true).nullable().toResponse(writer, responseAdapterCache, value.hero)
    writer.endObject()
  }

  object Hero : ResponseAdapter<TestQuery.Data.Hero> {
    val RESPONSE_FIELDS: Array<ResponseField> = arrayOf(
      ResponseField.Typename
    )

    val RESPONSE_NAMES: List<String> = RESPONSE_FIELDS.map { it.responseName }

    override fun fromResponse(reader: JsonReader, responseAdapterCache: ResponseAdapterCache):
        TestQuery.Data.Hero {
      var __typename: String? = null

      var asAsCharacter: TestQuery.Data.Hero.AsCharacter? = null
      var asAsHuman: TestQuery.Data.Hero.AsHuman? = null
      var asAsDroid: TestQuery.Data.Hero.AsDroid? = null
      while(true) {
        when (reader.selectName(RESPONSE_NAMES)) {
          0 -> __typename = StringResponseAdapter.fromResponse(reader, responseAdapterCache)
          else -> break
        }
      }
      if (__typename in arrayOf("Droid", "Human")) {
        (reader as MapJsonReader).rewind()
        asAsCharacter = AsCharacter.fromResponse(reader, responseAdapterCache)
      }
      if (__typename in arrayOf("Human")) {
        (reader as MapJsonReader).rewind()
        asAsHuman = AsHuman.fromResponse(reader, responseAdapterCache)
      }
      if (__typename in arrayOf("Droid")) {
        (reader as MapJsonReader).rewind()
        asAsDroid = AsDroid.fromResponse(reader, responseAdapterCache)
      }

      return TestQuery.Data.Hero(
        __typename = __typename!!,
        asAsCharacter = asAsCharacter,
        asAsHuman = asAsHuman,
        asAsDroid = asAsDroid
      )
    }

    override fun toResponse(
      writer: JsonWriter,
      responseAdapterCache: ResponseAdapterCache,
      value: TestQuery.Data.Hero
    ) {
      writer.beginObject()
      writer.name("__typename")
      StringResponseAdapter.toResponse(writer, responseAdapterCache, value.__typename)
      if (value.asAsCharacter != null)
          AsCharacter.toResponse(writer, responseAdapterCache, value.asAsCharacter)
      if (value.asAsHuman != null) AsHuman.toResponse(writer, responseAdapterCache, value.asAsHuman)
      if (value.asAsDroid != null) AsDroid.toResponse(writer, responseAdapterCache, value.asAsDroid)
      writer.endObject()
    }

    object AsCharacter : ResponseAdapter<TestQuery.Data.Hero.AsCharacter> {
      val RESPONSE_FIELDS: Array<ResponseField> = arrayOf(
        ResponseField.Typename,
        ResponseField(
          type = ResponseField.Type.NotNull(ResponseField.Type.Named.Other("String")),
          fieldName = "name",
        )
      )

      val RESPONSE_NAMES: List<String> = RESPONSE_FIELDS.map { it.responseName }

      override fun fromResponse(reader: JsonReader, responseAdapterCache: ResponseAdapterCache):
          TestQuery.Data.Hero.AsCharacter {
        var __typename: String? = null
        var name: String? = null
        while(true) {
          when (reader.selectName(RESPONSE_NAMES)) {
            0 -> __typename = StringResponseAdapter.fromResponse(reader, responseAdapterCache)
            1 -> name = StringResponseAdapter.fromResponse(reader, responseAdapterCache)
            else -> break
          }
        }
        return TestQuery.Data.Hero.AsCharacter(
          __typename = __typename!!,
          name = name!!
        )
      }

      override fun toResponse(
        writer: JsonWriter,
        responseAdapterCache: ResponseAdapterCache,
        value: TestQuery.Data.Hero.AsCharacter
      ) {
        writer.beginObject()
        writer.name("__typename")
        StringResponseAdapter.toResponse(writer, responseAdapterCache, value.__typename)
        writer.name("name")
        StringResponseAdapter.toResponse(writer, responseAdapterCache, value.name)
        writer.endObject()
      }
    }

    object AsHuman : ResponseAdapter<TestQuery.Data.Hero.AsHuman> {
      val RESPONSE_FIELDS: Array<ResponseField> = arrayOf(
        ResponseField.Typename,
        ResponseField(
          type = ResponseField.Type.Named.Other("Float"),
          fieldName = "height",
        )
      )

      val RESPONSE_NAMES: List<String> = RESPONSE_FIELDS.map { it.responseName }

      override fun fromResponse(reader: JsonReader, responseAdapterCache: ResponseAdapterCache):
          TestQuery.Data.Hero.AsHuman {
        var __typename: String? = null
        var height: Double? = null
        while(true) {
          when (reader.selectName(RESPONSE_NAMES)) {
            0 -> __typename = StringResponseAdapter.fromResponse(reader, responseAdapterCache)
            1 -> height = NullableDoubleResponseAdapter.fromResponse(reader, responseAdapterCache)
            else -> break
          }
        }
        return TestQuery.Data.Hero.AsHuman(
          __typename = __typename!!,
          height = height
        )
      }

      override fun toResponse(
        writer: JsonWriter,
        responseAdapterCache: ResponseAdapterCache,
        value: TestQuery.Data.Hero.AsHuman
      ) {
        writer.beginObject()
        writer.name("__typename")
        StringResponseAdapter.toResponse(writer, responseAdapterCache, value.__typename)
        writer.name("height")
        NullableDoubleResponseAdapter.toResponse(writer, responseAdapterCache, value.height)
        writer.endObject()
      }
    }

    object AsDroid : ResponseAdapter<TestQuery.Data.Hero.AsDroid> {
      val RESPONSE_FIELDS: Array<ResponseField> = arrayOf(
        ResponseField.Typename,
        ResponseField(
          type = ResponseField.Type.Named.Other("String"),
          fieldName = "primaryFunction",
        )
      )

      val RESPONSE_NAMES: List<String> = RESPONSE_FIELDS.map { it.responseName }

      override fun fromResponse(reader: JsonReader, responseAdapterCache: ResponseAdapterCache):
          TestQuery.Data.Hero.AsDroid {
        var __typename: String? = null
        var primaryFunction: String? = null
        while(true) {
          when (reader.selectName(RESPONSE_NAMES)) {
            0 -> __typename = StringResponseAdapter.fromResponse(reader, responseAdapterCache)
            1 -> primaryFunction = NullableStringResponseAdapter.fromResponse(reader,
                responseAdapterCache)
            else -> break
          }
        }
        return TestQuery.Data.Hero.AsDroid(
          __typename = __typename!!,
          primaryFunction = primaryFunction
        )
      }

      override fun toResponse(
        writer: JsonWriter,
        responseAdapterCache: ResponseAdapterCache,
        value: TestQuery.Data.Hero.AsDroid
      ) {
        writer.beginObject()
        writer.name("__typename")
        StringResponseAdapter.toResponse(writer, responseAdapterCache, value.__typename)
        writer.name("primaryFunction")
        NullableStringResponseAdapter.toResponse(writer, responseAdapterCache,
            value.primaryFunction)
        writer.endObject()
      }
    }
  }
}
