// AUTO-GENERATED FILE. DO NOT MODIFY.
//
// This class was automatically generated by Apollo GraphQL plugin from the GraphQL queries it found.
// It should not be modified by hand.
//
package com.example.arguments_simple.adapter

import com.apollographql.apollo3.api.BooleanResponseAdapter
import com.apollographql.apollo3.api.Input
import com.apollographql.apollo3.api.IntResponseAdapter
import com.apollographql.apollo3.api.NullableStringResponseAdapter
import com.apollographql.apollo3.api.ResponseAdapter
import com.apollographql.apollo3.api.ResponseAdapterCache
import com.apollographql.apollo3.api.json.JsonReader
import com.apollographql.apollo3.api.json.JsonWriter
import com.apollographql.apollo3.api.list
import com.apollographql.apollo3.api.nullable
import com.example.arguments_simple.TestQuery
import com.example.arguments_simple.type.Episode_ResponseAdapter
import kotlin.IllegalStateException

object TestQuery_VariablesAdapter : ResponseAdapter<TestQuery> {
  override fun fromResponse(reader: JsonReader, responseAdapterCache: ResponseAdapterCache):
      TestQuery = throw IllegalStateException("Input type used in output position")
  override fun toResponse(
    writer: JsonWriter,
    responseAdapterCache: ResponseAdapterCache,
    value: TestQuery
  ) {
    if (value.episode is Input.Present) {
      writer.name("episode")
      Episode_ResponseAdapter.nullable().toResponse(writer, responseAdapterCache,
          value.episode.value)
    }
    writer.name("IncludeName")
    BooleanResponseAdapter.toResponse(writer, responseAdapterCache, value.IncludeName)
    writer.name("friendsCount")
    IntResponseAdapter.toResponse(writer, responseAdapterCache, value.friendsCount)
    writer.name("listOfListOfStringArgs")
    NullableStringResponseAdapter.list().list().toResponse(writer, responseAdapterCache,
        value.listOfListOfStringArgs)
  }
}
