// AUTO-GENERATED FILE. DO NOT MODIFY.
//
// This class was automatically generated by Apollo GraphQL plugin from the GraphQL queries it found.
// It should not be modified by hand.
//
package com.example.fragment_with_inline_fragment.adapter

import com.apollographql.apollo3.api.ResponseAdapter
import com.apollographql.apollo3.api.ResponseAdapterCache
import com.apollographql.apollo3.api.ResponseField
import com.apollographql.apollo3.api.StringResponseAdapter
import com.apollographql.apollo3.api.internal.json.MapJsonReader
import com.apollographql.apollo3.api.json.JsonReader
import com.apollographql.apollo3.api.json.JsonWriter
import com.apollographql.apollo3.api.list
import com.apollographql.apollo3.api.nullable
import com.apollographql.apollo3.api.obj
import com.example.fragment_with_inline_fragment.TestQuery
import com.example.fragment_with_inline_fragment.fragment.HeroDetails
import com.example.fragment_with_inline_fragment.fragment.adapter.HeroDetails_ResponseAdapter
import com.example.fragment_with_inline_fragment.type.Episode
import com.example.fragment_with_inline_fragment.type.Episode_ResponseAdapter
import kotlin.Array
import kotlin.String
import kotlin.Suppress
import kotlin.collections.List

@Suppress("NAME_SHADOWING", "UNUSED_ANONYMOUS_PARAMETER", "LocalVariableName",
    "RemoveExplicitTypeArguments", "NestedLambdaShadowedImplicitParameter", "PropertyName",
    "RemoveRedundantQualifierName")
object TestQuery_ResponseAdapter : ResponseAdapter<TestQuery.Data> {
  val RESPONSE_FIELDS: Array<ResponseField> = arrayOf(
    ResponseField(
      type = ResponseField.Type.Named.Object("Character"),
      fieldName = "hero",
      fieldSets = listOf(
        ResponseField.FieldSet("Droid", HeroDetails_ResponseAdapter.RESPONSE_FIELDS),
        ResponseField.FieldSet("Human", HeroDetails_ResponseAdapter.RESPONSE_FIELDS),
      ),
    )
  )

  val RESPONSE_NAMES: List<String> = RESPONSE_FIELDS.map { it.responseName }

  override fun fromResponse(reader: JsonReader, responseAdapterCache: ResponseAdapterCache):
      TestQuery.Data {
    var hero: TestQuery.Data.Hero? = null
    while(true) {
      when (reader.selectName(RESPONSE_NAMES)) {
        0 -> hero = Hero.obj(true).nullable().fromResponse(reader, responseAdapterCache)
        else -> break
      }
    }
    return TestQuery.Data(
      hero = hero
    )
  }

  override fun toResponse(
    writer: JsonWriter,
    responseAdapterCache: ResponseAdapterCache,
    value: TestQuery.Data
  ) {
    writer.beginObject()
    writer.name("hero")
    Hero.obj(true).nullable().toResponse(writer, responseAdapterCache, value.hero)
    writer.endObject()
  }

  object Hero : ResponseAdapter<TestQuery.Data.Hero> {
    val RESPONSE_FIELDS: Array<ResponseField> = arrayOf(
      ResponseField.Typename,
      ResponseField(
        type = ResponseField.Type.NotNull(ResponseField.Type.Named.Other("String")),
        fieldName = "name",
      ),
      ResponseField(
        type =
            ResponseField.Type.NotNull(ResponseField.Type.List(ResponseField.Type.Named.Other("Episode"))),
        fieldName = "appearsIn",
      )
    )

    val RESPONSE_NAMES: List<String> = RESPONSE_FIELDS.map { it.responseName }

    override fun fromResponse(reader: JsonReader, responseAdapterCache: ResponseAdapterCache):
        TestQuery.Data.Hero {
      var __typename: String? = null
      var name: String? = null
      var appearsIn: List<Episode?>? = null

      var heroDetails: HeroDetails.Data? = null
      while(true) {
        when (reader.selectName(RESPONSE_NAMES)) {
          0 -> __typename = StringResponseAdapter.fromResponse(reader, responseAdapterCache)
          1 -> name = StringResponseAdapter.fromResponse(reader, responseAdapterCache)
          2 -> appearsIn = Episode_ResponseAdapter.nullable().list().fromResponse(reader,
              responseAdapterCache)
          else -> break
        }
      }
      if (__typename in arrayOf("Droid", "Human")) {
        (reader as MapJsonReader).rewind()
        heroDetails = HeroDetails_ResponseAdapter.fromResponse(reader, responseAdapterCache)
      }

      return TestQuery.Data.Hero(
        __typename = __typename!!,
        name = name!!,
        appearsIn = appearsIn!!,
        heroDetails = heroDetails
      )
    }

    override fun toResponse(
      writer: JsonWriter,
      responseAdapterCache: ResponseAdapterCache,
      value: TestQuery.Data.Hero
    ) {
      writer.beginObject()
      writer.name("__typename")
      StringResponseAdapter.toResponse(writer, responseAdapterCache, value.__typename)

      writer.name("name")
      StringResponseAdapter.toResponse(writer, responseAdapterCache, value.name)

      writer.name("appearsIn")
      Episode_ResponseAdapter.nullable().list().toResponse(writer, responseAdapterCache,
          value.appearsIn)
      if (value.heroDetails != null)
          HeroDetails_ResponseAdapter.toResponse(writer, responseAdapterCache, value.heroDetails)
      writer.endObject()
    }
  }
}
