// AUTO-GENERATED FILE. DO NOT MODIFY.
//
// This class was automatically generated by Apollo GraphQL plugin from the GraphQL queries it found.
// It should not be modified by hand.
//
package com.example.hero_name_query_long_name

import com.apollographql.apollo3.api.Input
import com.apollographql.apollo3.api.Query
import com.apollographql.apollo3.api.QueryDocumentMinifier
import com.apollographql.apollo3.api.ResponseAdapter
import com.apollographql.apollo3.api.ResponseAdapterCache
import com.apollographql.apollo3.api.ResponseField
import com.apollographql.apollo3.api.json.JsonWriter
import com.apollographql.apollo3.api.obj
import com.example.hero_name_query_long_name.adapter.TestQueryWithAVeryAVeryAVeryAVeryAVeryAVeryAVeryAVeryAVeryAVeryAVeryAVeryAVeryLongName_ResponseAdapter
import com.example.hero_name_query_long_name.adapter.TestQueryWithAVeryAVeryAVeryAVeryAVeryAVeryAVeryAVeryAVeryAVeryAVeryAVeryAVeryLongName_VariablesAdapter
import com.example.hero_name_query_long_name.type.Episode
import kotlin.String
import kotlin.Suppress
import kotlin.collections.List

@Suppress("NAME_SHADOWING", "UNUSED_ANONYMOUS_PARAMETER", "LocalVariableName",
    "RemoveExplicitTypeArguments", "NestedLambdaShadowedImplicitParameter", "PropertyName",
    "RemoveRedundantQualifierName")
data class TestQueryWithAVeryAVeryAVeryAVeryAVeryAVeryAVeryAVeryAVeryAVeryAVeryAVeryAVeryLongName(
  val episodeAVeryAVeryAVeryAVeryAVeryAVeryAVeryAVeryAVeryAVeryAVeryAVeryAVeryAVeryAVeryLongName:
      Input<Episode?> = Input.Absent
) :
    Query<TestQueryWithAVeryAVeryAVeryAVeryAVeryAVeryAVeryAVeryAVeryAVeryAVeryAVeryAVeryLongName.Data>
    {
  override fun operationId(): String = OPERATION_ID

  override fun queryDocument(): String = QUERY_DOCUMENT

  override fun serializeVariables(writer: JsonWriter, responseAdapterCache: ResponseAdapterCache) {
    TestQueryWithAVeryAVeryAVeryAVeryAVeryAVeryAVeryAVeryAVeryAVeryAVeryAVeryAVeryLongName_VariablesAdapter.obj().toResponse(writer,
        responseAdapterCache, this)
  }

  override fun name(): String = OPERATION_NAME

  override fun adapter(): ResponseAdapter<Data> {
    return TestQueryWithAVeryAVeryAVeryAVeryAVeryAVeryAVeryAVeryAVeryAVeryAVeryAVeryAVeryLongName_ResponseAdapter.obj()
  }

  override fun responseFields(): List<ResponseField.FieldSet> = listOf(
    ResponseField.FieldSet(null,
        TestQueryWithAVeryAVeryAVeryAVeryAVeryAVeryAVeryAVeryAVeryAVeryAVeryAVeryAVeryLongName_ResponseAdapter.RESPONSE_FIELDS)
  )
  /**
   * The query type, represents all of the entry points into our object graph
   */
  data class Data(
    val heroAVeryAVeryAVeryAVeryAVeryAVeryAV: HeroAVeryAVeryAVeryAVeryAVeryAVeryAV?
  ) : Query.Data {
    /**
     * A character from the Star Wars universe
     */
    data class HeroAVeryAVeryAVeryAVeryAVeryAVeryAV(
      /**
       * The name of the character
       */
      val nameAVeryAVeryAVeryAVeryAVeryAVeryAVeryAVeryAVeryAVeryAVeryAVeryAVeryAVeryAVeryLongName:
          String
    )
  }

  companion object {
    const val OPERATION_ID: String =
        "164dc148c38451cf968e075d4fd3114b0e03f4e5d8e126be67cf7156ef4cda9c"

    val QUERY_DOCUMENT: String = QueryDocumentMinifier.minify(
          """
          |query TestQueryWithAVeryAVeryAVeryAVeryAVeryAVeryAVeryAVeryAVeryAVeryAVeryAVeryAVeryLongName(${'$'}episodeAVeryAVeryAVeryAVeryAVeryAVeryAVeryAVeryAVeryAVeryAVeryAVeryAVeryAVeryAVeryLongName: Episode) {
          |  heroAVeryAVeryAVeryAVeryAVeryAVeryAV: hero(episode: ${'$'}episodeAVeryAVeryAVeryAVeryAVeryAVeryAVeryAVeryAVeryAVeryAVeryAVeryAVeryAVeryAVeryLongName) {
          |    nameAVeryAVeryAVeryAVeryAVeryAVeryAVeryAVeryAVeryAVeryAVeryAVeryAVeryAVeryAVeryLongName: name
          |  }
          |}
          """.trimMargin()
        )

    val OPERATION_NAME: String =
        "TestQueryWithAVeryAVeryAVeryAVeryAVeryAVeryAVeryAVeryAVeryAVeryAVeryAVeryAVeryLongName"
  }
}
