// AUTO-GENERATED FILE. DO NOT MODIFY.
//
// This class was automatically generated by Apollo GraphQL plugin from the GraphQL queries it found.
// It should not be modified by hand.
//
package com.example.simple_inline_fragment.adapter

import com.apollographql.apollo3.api.NullableDoubleResponseAdapter
import com.apollographql.apollo3.api.NullableStringResponseAdapter
import com.apollographql.apollo3.api.ResponseAdapter
import com.apollographql.apollo3.api.ResponseAdapterCache
import com.apollographql.apollo3.api.ResponseField
import com.apollographql.apollo3.api.StringResponseAdapter
import com.apollographql.apollo3.api.json.JsonReader
import com.apollographql.apollo3.api.json.JsonWriter
import com.apollographql.apollo3.api.nullable
import com.apollographql.apollo3.api.obj
import com.example.simple_inline_fragment.TestQuery
import kotlin.Array
import kotlin.Double
import kotlin.String
import kotlin.Suppress
import kotlin.collections.List

@Suppress("NAME_SHADOWING", "UNUSED_ANONYMOUS_PARAMETER", "LocalVariableName",
    "RemoveExplicitTypeArguments", "NestedLambdaShadowedImplicitParameter", "PropertyName",
    "RemoveRedundantQualifierName")
object TestQuery_ResponseAdapter : ResponseAdapter<TestQuery.Data> {
  val RESPONSE_FIELDS: Array<ResponseField> = arrayOf(
    ResponseField(
      type = ResponseField.Type.Named.Object("Character"),
      fieldName = "hero",
      fieldSets = listOf(
        ResponseField.FieldSet("Droid", Hero.CharacterDroidHero.RESPONSE_FIELDS),
        ResponseField.FieldSet("Human", Hero.CharacterHumanHero.RESPONSE_FIELDS),
        ResponseField.FieldSet(null, Hero.OtherHero.RESPONSE_FIELDS),
      ),
    )
  )

  val RESPONSE_NAMES: List<String> = RESPONSE_FIELDS.map { it.responseName }

  override fun fromResponse(reader: JsonReader, responseAdapterCache: ResponseAdapterCache):
      TestQuery.Data {
    var hero: TestQuery.Data.Hero? = null
    while(true) {
      when (reader.selectName(RESPONSE_NAMES)) {
        0 -> hero = Hero.obj().nullable().fromResponse(reader, responseAdapterCache)
        else -> break
      }
    }
    return TestQuery.Data(
      hero = hero
    )
  }

  override fun toResponse(
    writer: JsonWriter,
    responseAdapterCache: ResponseAdapterCache,
    value: TestQuery.Data
  ) {
    writer.beginObject()
    writer.name("hero")
    Hero.obj().nullable().toResponse(writer, responseAdapterCache, value.hero)
    writer.endObject()
  }

  object Hero : ResponseAdapter<TestQuery.Data.Hero> {
    override fun fromResponse(reader: JsonReader, responseAdapterCache: ResponseAdapterCache):
        TestQuery.Data.Hero {
      check(reader.nextName() == "__typename")
      val typename = reader.nextString()!!
      return when(typename) {
        "Droid" -> CharacterDroidHero.fromResponse(reader, responseAdapterCache, typename)
        "Human" -> CharacterHumanHero.fromResponse(reader, responseAdapterCache, typename)
        else -> OtherHero.fromResponse(reader, responseAdapterCache, typename)
      }
    }

    override fun toResponse(
      writer: JsonWriter,
      responseAdapterCache: ResponseAdapterCache,
      value: TestQuery.Data.Hero
    ) {
      when(value) {
        is TestQuery.Data.Hero.CharacterDroidHero -> CharacterDroidHero.toResponse(writer, responseAdapterCache, value)
        is TestQuery.Data.Hero.CharacterHumanHero -> CharacterHumanHero.toResponse(writer, responseAdapterCache, value)
        is TestQuery.Data.Hero.OtherHero -> OtherHero.toResponse(writer, responseAdapterCache, value)
      }
    }

    object CharacterDroidHero {
      val RESPONSE_FIELDS: Array<ResponseField> = arrayOf(
        ResponseField.Typename,
        ResponseField(
          type = ResponseField.Type.NotNull(ResponseField.Type.Named.Other("String")),
          fieldName = "name",
        ),
        ResponseField(
          type = ResponseField.Type.Named.Other("String"),
          fieldName = "primaryFunction",
        )
      )

      val RESPONSE_NAMES: List<String> = RESPONSE_FIELDS.map { it.responseName }

      fun fromResponse(
        reader: JsonReader,
        responseAdapterCache: ResponseAdapterCache,
        __typename: String?
      ): TestQuery.Data.Hero.CharacterDroidHero {
        var __typename: String? = __typename
        var name: String? = null
        var primaryFunction: String? = null
        while(true) {
          when (reader.selectName(RESPONSE_NAMES)) {
            0 -> __typename = StringResponseAdapter.fromResponse(reader, responseAdapterCache)
            1 -> name = StringResponseAdapter.fromResponse(reader, responseAdapterCache)
            2 -> primaryFunction = NullableStringResponseAdapter.fromResponse(reader,
                responseAdapterCache)
            else -> break
          }
        }
        return TestQuery.Data.Hero.CharacterDroidHero(
          __typename = __typename!!,
          name = name!!,
          primaryFunction = primaryFunction
        )
      }

      fun toResponse(
        writer: JsonWriter,
        responseAdapterCache: ResponseAdapterCache,
        value: TestQuery.Data.Hero.CharacterDroidHero
      ) {
        writer.beginObject()
        writer.name("__typename")
        StringResponseAdapter.toResponse(writer, responseAdapterCache, value.__typename)
        writer.name("name")
        StringResponseAdapter.toResponse(writer, responseAdapterCache, value.name)
        writer.name("primaryFunction")
        NullableStringResponseAdapter.toResponse(writer, responseAdapterCache,
            value.primaryFunction)
        writer.endObject()
      }
    }

    object CharacterHumanHero {
      val RESPONSE_FIELDS: Array<ResponseField> = arrayOf(
        ResponseField.Typename,
        ResponseField(
          type = ResponseField.Type.NotNull(ResponseField.Type.Named.Other("String")),
          fieldName = "name",
        ),
        ResponseField(
          type = ResponseField.Type.Named.Other("Float"),
          fieldName = "height",
        )
      )

      val RESPONSE_NAMES: List<String> = RESPONSE_FIELDS.map { it.responseName }

      fun fromResponse(
        reader: JsonReader,
        responseAdapterCache: ResponseAdapterCache,
        __typename: String?
      ): TestQuery.Data.Hero.CharacterHumanHero {
        var __typename: String? = __typename
        var name: String? = null
        var height: Double? = null
        while(true) {
          when (reader.selectName(RESPONSE_NAMES)) {
            0 -> __typename = StringResponseAdapter.fromResponse(reader, responseAdapterCache)
            1 -> name = StringResponseAdapter.fromResponse(reader, responseAdapterCache)
            2 -> height = NullableDoubleResponseAdapter.fromResponse(reader, responseAdapterCache)
            else -> break
          }
        }
        return TestQuery.Data.Hero.CharacterHumanHero(
          __typename = __typename!!,
          name = name!!,
          height = height
        )
      }

      fun toResponse(
        writer: JsonWriter,
        responseAdapterCache: ResponseAdapterCache,
        value: TestQuery.Data.Hero.CharacterHumanHero
      ) {
        writer.beginObject()
        writer.name("__typename")
        StringResponseAdapter.toResponse(writer, responseAdapterCache, value.__typename)
        writer.name("name")
        StringResponseAdapter.toResponse(writer, responseAdapterCache, value.name)
        writer.name("height")
        NullableDoubleResponseAdapter.toResponse(writer, responseAdapterCache, value.height)
        writer.endObject()
      }
    }

    object OtherHero {
      val RESPONSE_FIELDS: Array<ResponseField> = arrayOf(
        ResponseField.Typename
      )

      val RESPONSE_NAMES: List<String> = RESPONSE_FIELDS.map { it.responseName }

      fun fromResponse(
        reader: JsonReader,
        responseAdapterCache: ResponseAdapterCache,
        __typename: String?
      ): TestQuery.Data.Hero.OtherHero {
        var __typename: String? = __typename
        while(true) {
          when (reader.selectName(RESPONSE_NAMES)) {
            0 -> __typename = StringResponseAdapter.fromResponse(reader, responseAdapterCache)
            else -> break
          }
        }
        return TestQuery.Data.Hero.OtherHero(
          __typename = __typename!!
        )
      }

      fun toResponse(
        writer: JsonWriter,
        responseAdapterCache: ResponseAdapterCache,
        value: TestQuery.Data.Hero.OtherHero
      ) {
        writer.beginObject()
        writer.name("__typename")
        StringResponseAdapter.toResponse(writer, responseAdapterCache, value.__typename)
        writer.endObject()
      }
    }
  }
}
