// AUTO-GENERATED FILE. DO NOT MODIFY.
//
// This class was automatically generated by Apollo GraphQL plugin from the GraphQL queries it found.
// It should not be modified by hand.
//
package com.example.fragment_with_inline_fragment.fragment

import com.apollographql.apollo3.api.Fragment
import com.apollographql.apollo3.api.ResponseAdapter
import com.apollographql.apollo3.api.ResponseAdapterCache
import com.apollographql.apollo3.api.ResponseField
import com.apollographql.apollo3.api.json.JsonWriter
import com.apollographql.apollo3.api.obj
import com.example.fragment_with_inline_fragment.fragment.adapter.DroidDetails_ResponseAdapter
import com.example.fragment_with_inline_fragment.fragment.adapter.DroidDetails_VariablesAdapter
import kotlin.String
import kotlin.collections.List

class DroidDetails : Fragment<DroidDetails.Data> {
  override fun adapter(): ResponseAdapter<Data> {
    return DroidDetails_ResponseAdapter.obj()
  }

  override fun responseFields(): List<ResponseField.FieldSet> = listOf(
    ResponseField.FieldSet(null, DroidDetails_ResponseAdapter.RESPONSE_FIELDS)
  )
  override fun serializeVariables(writer: JsonWriter, responseAdapterCache: ResponseAdapterCache) {
    DroidDetails_VariablesAdapter.obj().toResponse(writer, responseAdapterCache, this)
  }

  /**
   * An autonomous mechanical character in the Star Wars universe
   */
  data class Data(
    val __typename: String = "Droid",
    /**
     * What others call this droid
     */
    val name: String,
    /**
     * This droid's primary function
     */
    val primaryFunction: String?
  ) : Fragment.Data
}
