// AUTO-GENERATED FILE. DO NOT MODIFY.
//
// This class was automatically generated by Apollo GraphQL plugin from the GraphQL queries it found.
// It should not be modified by hand.
//
package com.example.fragment_with_inline_fragment.fragment

import com.apollographql.apollo3.api.Fragment
import com.apollographql.apollo3.api.ResponseAdapter
import com.apollographql.apollo3.api.ResponseAdapterCache
import com.apollographql.apollo3.api.ResponseField
import com.apollographql.apollo3.api.json.JsonWriter
import com.apollographql.apollo3.api.obj
import com.example.fragment_with_inline_fragment.fragment.adapter.HumanDetailsImpl_ResponseAdapter
import com.example.fragment_with_inline_fragment.fragment.adapter.HumanDetailsImpl_VariablesAdapter
import kotlin.String
import kotlin.collections.List

class HumanDetailsImpl : Fragment<HumanDetailsImpl.Data> {
  override fun adapter(): ResponseAdapter<Data> {
    return HumanDetailsImpl_ResponseAdapter.obj()
  }

  override fun responseFields(): List<ResponseField.FieldSet> = listOf(
    ResponseField.FieldSet(null, HumanDetailsImpl_ResponseAdapter.RESPONSE_FIELDS)
  )
  override fun serializeVariables(writer: JsonWriter, responseAdapterCache: ResponseAdapterCache) {
    HumanDetailsImpl_VariablesAdapter.obj().toResponse(writer, responseAdapterCache, this)
  }

  /**
   * A humanoid creature from the Star Wars universe
   */
  data class Data(
    override val __typename: String = "Human",
    /**
     * What this human calls themselves
     */
    override val name: String
  ) : HumanDetails, Fragment.Data
}
