// AUTO-GENERATED FILE. DO NOT MODIFY.
//
// This class was automatically generated by Apollo GraphQL plugin from the GraphQL queries it found.
// It should not be modified by hand.
//
package com.example.arguments_simple.fragment

import com.apollographql.apollo3.api.Fragment
import com.apollographql.apollo3.api.Input
import com.apollographql.apollo3.api.ResponseAdapter
import com.apollographql.apollo3.api.ResponseAdapterCache
import com.apollographql.apollo3.api.ResponseField
import com.apollographql.apollo3.api.json.JsonWriter
import com.apollographql.apollo3.api.obj
import com.example.arguments_simple.fragment.adapter.HeroDetails_ResponseAdapter
import com.example.arguments_simple.fragment.adapter.HeroDetails_VariablesAdapter
import kotlin.Boolean
import kotlin.Int
import kotlin.String
import kotlin.collections.List

data class HeroDetails(
  val friendsCount: Input<Int?> = Input.Absent,
  val IncludeName: Boolean
) : Fragment<HeroDetails.Data> {
  override fun adapter(): ResponseAdapter<Data> {
    return HeroDetails_ResponseAdapter.obj()
  }

  override fun responseFields(): List<ResponseField.FieldSet> = listOf(
    ResponseField.FieldSet(null, HeroDetails_ResponseAdapter.RESPONSE_FIELDS)
  )
  override fun serializeVariables(writer: JsonWriter, responseAdapterCache: ResponseAdapterCache) {
    HeroDetails_VariablesAdapter.obj().toResponse(writer, responseAdapterCache, this)
  }

  /**
   * A character from the Star Wars universe
   */
  data class Data(
    val __typename: String = "Character",
    /**
     * The friends of the character exposed as a connection with edges
     */
    val friendsConnection: FriendsConnection
  ) : Fragment.Data {
    /**
     * A connection object for a character's friends
     */
    data class FriendsConnection(
      /**
       * The total number of friends
       */
      val totalCount: Int?,
      /**
       * The edges for each of the character's friends.
       */
      val edges: List<Edges?>?
    ) {
      /**
       * An edge object for a character's friends
       */
      data class Edges(
        /**
         * The character represented by this friendship edge
         */
        val node: Node?
      ) {
        /**
         * A character from the Star Wars universe
         */
        data class Node(
          /**
           * The name of the character
           */
          val name: String?
        )
      }
    }
  }
}
