// AUTO-GENERATED FILE. DO NOT MODIFY.
//
// This class was automatically generated by Apollo GraphQL plugin from the GraphQL queries it found.
// It should not be modified by hand.
//
package com.example.fragment_with_inline_fragment.fragment.adapter

import com.apollographql.apollo3.api.ResponseAdapter
import com.apollographql.apollo3.api.ResponseAdapterCache
import com.apollographql.apollo3.api.json.JsonReader
import com.apollographql.apollo3.api.json.JsonWriter
import com.example.fragment_with_inline_fragment.fragment.DroidDetails
import kotlin.IllegalStateException

object DroidDetails_VariablesAdapter : ResponseAdapter<DroidDetails> {
  override fun fromResponse(reader: JsonReader, responseAdapterCache: ResponseAdapterCache):
      DroidDetails = throw IllegalStateException("Input type used in output position")
  override fun toResponse(
    writer: JsonWriter,
    responseAdapterCache: ResponseAdapterCache,
    value: DroidDetails
  ) {
  }
}
