// AUTO-GENERATED FILE. DO NOT MODIFY.
//
// This class was automatically generated by Apollo GraphQL plugin from the GraphQL queries it found.
// It should not be modified by hand.
//
package com.example.fragment_in_fragment.fragment.adapter

import com.apollographql.apollo3.api.NullableStringResponseAdapter
import com.apollographql.apollo3.api.ResponseAdapter
import com.apollographql.apollo3.api.ResponseAdapterCache
import com.apollographql.apollo3.api.ResponseField
import com.apollographql.apollo3.api.StringResponseAdapter
import com.apollographql.apollo3.api.internal.json.MapJsonReader
import com.apollographql.apollo3.api.json.JsonReader
import com.apollographql.apollo3.api.json.JsonWriter
import com.apollographql.apollo3.api.list
import com.apollographql.apollo3.api.nullable
import com.apollographql.apollo3.api.obj
import com.example.fragment_in_fragment.fragment.PilotFragment
import com.example.fragment_in_fragment.fragment.StarshipFragment
import kotlin.Array
import kotlin.String
import kotlin.Suppress
import kotlin.collections.List

@Suppress("NAME_SHADOWING", "UNUSED_ANONYMOUS_PARAMETER", "LocalVariableName",
    "RemoveExplicitTypeArguments", "NestedLambdaShadowedImplicitParameter", "PropertyName",
    "RemoveRedundantQualifierName")
object StarshipFragment_ResponseAdapter : ResponseAdapter<StarshipFragment.Data> {
  val RESPONSE_FIELDS: Array<ResponseField> = arrayOf(
    ResponseField.Typename,
    ResponseField(
      type = ResponseField.Type.NotNull(ResponseField.Type.Named.Other("String")),
      fieldName = "id",
    ),
    ResponseField(
      type = ResponseField.Type.Named.Other("String"),
      fieldName = "name",
    ),
    ResponseField(
      type = ResponseField.Type.Named.Object("StarshipPilotsConnection"),
      fieldName = "pilotConnection",
      fieldSets = listOf(
        ResponseField.FieldSet(null, PilotConnection.RESPONSE_FIELDS)
      ),
    )
  )

  val RESPONSE_NAMES: List<String> = RESPONSE_FIELDS.map { it.responseName }

  override fun fromResponse(reader: JsonReader, responseAdapterCache: ResponseAdapterCache):
      StarshipFragment.Data {
    var __typename: String? = null
    var id: String? = null
    var name: String? = null
    var pilotConnection: StarshipFragment.Data.PilotConnection? = null
    while(true) {
      when (reader.selectName(RESPONSE_NAMES)) {
        0 -> __typename = StringResponseAdapter.fromResponse(reader, responseAdapterCache)
        1 -> id = StringResponseAdapter.fromResponse(reader, responseAdapterCache)
        2 -> name = NullableStringResponseAdapter.fromResponse(reader, responseAdapterCache)
        3 -> pilotConnection = PilotConnection.obj().nullable().fromResponse(reader,
            responseAdapterCache)
        else -> break
      }
    }
    return StarshipFragment.Data(
      __typename = __typename!!,
      id = id!!,
      name = name,
      pilotConnection = pilotConnection
    )
  }

  override fun toResponse(
    writer: JsonWriter,
    responseAdapterCache: ResponseAdapterCache,
    value: StarshipFragment.Data
  ) {
    writer.beginObject()
    writer.name("__typename")
    StringResponseAdapter.toResponse(writer, responseAdapterCache, value.__typename)
    writer.name("id")
    StringResponseAdapter.toResponse(writer, responseAdapterCache, value.id)
    writer.name("name")
    NullableStringResponseAdapter.toResponse(writer, responseAdapterCache, value.name)
    writer.name("pilotConnection")
    PilotConnection.obj().nullable().toResponse(writer, responseAdapterCache, value.pilotConnection)
    writer.endObject()
  }

  object PilotConnection : ResponseAdapter<StarshipFragment.Data.PilotConnection> {
    val RESPONSE_FIELDS: Array<ResponseField> = arrayOf(
      ResponseField(
        type = ResponseField.Type.List(ResponseField.Type.Named.Object("StarshipPilotsEdge")),
        fieldName = "edges",
        fieldSets = listOf(
          ResponseField.FieldSet(null, Edges.RESPONSE_FIELDS)
        ),
      )
    )

    val RESPONSE_NAMES: List<String> = RESPONSE_FIELDS.map { it.responseName }

    override fun fromResponse(reader: JsonReader, responseAdapterCache: ResponseAdapterCache):
        StarshipFragment.Data.PilotConnection {
      var edges: List<StarshipFragment.Data.PilotConnection.Edges?>? = null
      while(true) {
        when (reader.selectName(RESPONSE_NAMES)) {
          0 -> edges = Edges.obj().nullable().list().nullable().fromResponse(reader,
              responseAdapterCache)
          else -> break
        }
      }
      return StarshipFragment.Data.PilotConnection(
        edges = edges
      )
    }

    override fun toResponse(
      writer: JsonWriter,
      responseAdapterCache: ResponseAdapterCache,
      value: StarshipFragment.Data.PilotConnection
    ) {
      writer.beginObject()
      writer.name("edges")
      Edges.obj().nullable().list().nullable().toResponse(writer, responseAdapterCache, value.edges)
      writer.endObject()
    }

    object Edges : ResponseAdapter<StarshipFragment.Data.PilotConnection.Edges> {
      val RESPONSE_FIELDS: Array<ResponseField> = arrayOf(
        ResponseField(
          type = ResponseField.Type.Named.Object("Person"),
          fieldName = "node",
          fieldSets = listOf(
            ResponseField.FieldSet("Person", PilotFragment_ResponseAdapter.RESPONSE_FIELDS),
          ),
        )
      )

      val RESPONSE_NAMES: List<String> = RESPONSE_FIELDS.map { it.responseName }

      override fun fromResponse(reader: JsonReader, responseAdapterCache: ResponseAdapterCache):
          StarshipFragment.Data.PilotConnection.Edges {
        var node: StarshipFragment.Data.PilotConnection.Edges.Node? = null
        while(true) {
          when (reader.selectName(RESPONSE_NAMES)) {
            0 -> node = Node.obj(true).nullable().fromResponse(reader, responseAdapterCache)
            else -> break
          }
        }
        return StarshipFragment.Data.PilotConnection.Edges(
          node = node
        )
      }

      override fun toResponse(
        writer: JsonWriter,
        responseAdapterCache: ResponseAdapterCache,
        value: StarshipFragment.Data.PilotConnection.Edges
      ) {
        writer.beginObject()
        writer.name("node")
        Node.obj(true).nullable().toResponse(writer, responseAdapterCache, value.node)
        writer.endObject()
      }

      object Node : ResponseAdapter<StarshipFragment.Data.PilotConnection.Edges.Node> {
        val RESPONSE_FIELDS: Array<ResponseField> = arrayOf(
          ResponseField.Typename
        )

        val RESPONSE_NAMES: List<String> = RESPONSE_FIELDS.map { it.responseName }

        override fun fromResponse(reader: JsonReader, responseAdapterCache: ResponseAdapterCache):
            StarshipFragment.Data.PilotConnection.Edges.Node {
          var __typename: String? = null

          var pilotFragment: PilotFragment.Data? = null
          while(true) {
            when (reader.selectName(RESPONSE_NAMES)) {
              0 -> __typename = StringResponseAdapter.fromResponse(reader, responseAdapterCache)
              else -> break
            }
          }
          if (__typename in arrayOf("Person")) {
            (reader as MapJsonReader).rewind()
            pilotFragment = PilotFragment_ResponseAdapter.fromResponse(reader, responseAdapterCache)
          }

          return StarshipFragment.Data.PilotConnection.Edges.Node(
            __typename = __typename!!,
            pilotFragment = pilotFragment
          )
        }

        override fun toResponse(
          writer: JsonWriter,
          responseAdapterCache: ResponseAdapterCache,
          value: StarshipFragment.Data.PilotConnection.Edges.Node
        ) {
          writer.beginObject()
          writer.name("__typename")
          StringResponseAdapter.toResponse(writer, responseAdapterCache, value.__typename)
          if (value.pilotFragment != null)
              PilotFragment_ResponseAdapter.toResponse(writer, responseAdapterCache, value.pilotFragment)
          writer.endObject()
        }
      }
    }
  }
}
