// AUTO-GENERATED FILE. DO NOT MODIFY.
//
// This class was automatically generated by Apollo GraphQL plugin from the GraphQL queries it found.
// It should not be modified by hand.
//
package com.example.fragment_used_twice.fragment

import com.apollographql.apollo3.api.Fragment
import com.apollographql.apollo3.api.ResponseAdapter
import com.apollographql.apollo3.api.ResponseAdapterCache
import com.apollographql.apollo3.api.ResponseField
import com.apollographql.apollo3.api.json.JsonWriter
import com.apollographql.apollo3.api.obj
import com.example.fragment_used_twice.fragment.adapter.CharacterDetails_ResponseAdapter
import com.example.fragment_used_twice.fragment.adapter.CharacterDetails_VariablesAdapter
import kotlin.Any
import kotlin.String
import kotlin.collections.List

class CharacterDetails : Fragment<CharacterDetails.Data> {
  override fun adapter(): ResponseAdapter<Data> {
    return CharacterDetails_ResponseAdapter.obj()
  }

  override fun responseFields(): List<ResponseField.FieldSet> = listOf(
    ResponseField.FieldSet(null, CharacterDetails_ResponseAdapter.RESPONSE_FIELDS)
  )
  override fun serializeVariables(writer: JsonWriter, responseAdapterCache: ResponseAdapterCache) {
    CharacterDetails_VariablesAdapter.obj().toResponse(writer, responseAdapterCache, this)
  }

  /**
   * A character from the Star Wars universe
   */
  data class Data(
    val __typename: String = "Character",
    /**
     * The name of the character
     */
    val name: String,
    /**
     * The date character was born.
     */
    val birthDate: Any
  ) : Fragment.Data
}
