// AUTO-GENERATED FILE. DO NOT MODIFY.
//
// This class was automatically generated by Apollo GraphQL plugin from the GraphQL queries it found.
// It should not be modified by hand.
//
package com.example.directive_with_fragment.fragment

import com.apollographql.apollo3.api.Fragment
import com.apollographql.apollo3.api.ResponseAdapter
import com.apollographql.apollo3.api.ResponseAdapterCache
import com.apollographql.apollo3.api.ResponseField
import com.apollographql.apollo3.api.json.JsonWriter
import com.apollographql.apollo3.api.obj
import com.example.directive_with_fragment.fragment.adapter.HeroDetails_ResponseAdapter
import com.example.directive_with_fragment.fragment.adapter.HeroDetails_VariablesAdapter
import kotlin.String
import kotlin.collections.List

class HeroDetails : Fragment<HeroDetails.Data> {
  override fun adapter(): ResponseAdapter<Data> {
    return HeroDetails_ResponseAdapter.obj()
  }

  override fun responseFields(): List<ResponseField.FieldSet> = listOf(
    ResponseField.FieldSet(null, HeroDetails_ResponseAdapter.RESPONSE_FIELDS)
  )
  override fun serializeVariables(writer: JsonWriter, responseAdapterCache: ResponseAdapterCache) {
    HeroDetails_VariablesAdapter.obj().toResponse(writer, responseAdapterCache, this)
  }

  /**
   * A character from the Star Wars universe
   */
  data class Data(
    val __typename: String = "Character",
    /**
     * The name of the character
     */
    val name: String
  ) : Fragment.Data
}
