// AUTO-GENERATED FILE. DO NOT MODIFY.
//
// This class was automatically generated by Apollo GraphQL plugin from the GraphQL queries it found.
// It should not be modified by hand.
//
package com.example.named_fragment_with_variables

import com.apollographql.apollo3.api.Query
import com.apollographql.apollo3.api.QueryDocumentMinifier
import com.apollographql.apollo3.api.ResponseAdapter
import com.apollographql.apollo3.api.ResponseAdapterCache
import com.apollographql.apollo3.api.ResponseField
import com.apollographql.apollo3.api.json.JsonWriter
import com.apollographql.apollo3.api.obj
import com.example.named_fragment_with_variables.adapter.GetUser_ResponseAdapter
import com.example.named_fragment_with_variables.adapter.GetUser_VariablesAdapter
import com.example.named_fragment_with_variables.fragment.QueryFragment
import com.example.named_fragment_with_variables.fragment.adapter.QueryFragment_ResponseAdapter
import com.example.named_fragment_with_variables.type.UserQuery
import kotlin.Int
import kotlin.String
import kotlin.Suppress
import kotlin.collections.List

@Suppress("NAME_SHADOWING", "UNUSED_ANONYMOUS_PARAMETER", "LocalVariableName",
    "RemoveExplicitTypeArguments", "NestedLambdaShadowedImplicitParameter", "PropertyName",
    "RemoveRedundantQualifierName")
data class GetUser(
  val organizationId: String,
  val query: UserQuery,
  val size: Int
) : Query<GetUser.Data> {
  override fun operationId(): String = OPERATION_ID

  override fun queryDocument(): String = QUERY_DOCUMENT

  override fun serializeVariables(writer: JsonWriter, responseAdapterCache: ResponseAdapterCache) {
    GetUser_VariablesAdapter.obj().toResponse(writer, responseAdapterCache, this)
  }

  override fun name(): String = OPERATION_NAME

  override fun adapter(): ResponseAdapter<Data> {
    return GetUser_ResponseAdapter.obj(true)
  }

  override fun responseFields(): List<ResponseField.FieldSet> = listOf(
    ResponseField.FieldSet("Query", QueryFragment_ResponseAdapter.RESPONSE_FIELDS),
  )
  data class Data(
    val __typename: String = "Query",
    val queryFragment: QueryFragment.Data?
  ) : Query.Data

  companion object {
    const val OPERATION_ID: String =
        "f00812d485d5796cfb72c796a4634df360bd6ec06f95a7ac38e322819ac20889"

    val QUERY_DOCUMENT: String = QueryDocumentMinifier.minify(
          """
          |query GetUser(${'$'}organizationId: String!, ${'$'}query: UserQuery!, ${'$'}size: Int!) {
          |  __typename
          |  ...QueryFragment
          |}
          |fragment QueryFragment on Query {
          |  __typename
          |  organization(id: ${'$'}organizationId) {
          |    id
          |    user(query: ${'$'}query) {
          |      __typename
          |      ...UserFragment
          |    }
          |  }
          |}
          |fragment UserFragment on User {
          |  __typename
          |  firstName
          |  lastName
          |  avatar(size: ${'$'}size)
          |}
          """.trimMargin()
        )

    val OPERATION_NAME: String = "GetUser"
  }
}
