// AUTO-GENERATED FILE. DO NOT MODIFY.
//
// This class was automatically generated by Apollo GraphQL plugin from the GraphQL queries it found.
// It should not be modified by hand.
//
package com.example.fragments_with_type_condition.fragment

import com.apollographql.apollo3.api.Fragment
import com.apollographql.apollo3.api.ResponseAdapter
import com.apollographql.apollo3.api.ResponseAdapterCache
import com.apollographql.apollo3.api.ResponseField
import com.apollographql.apollo3.api.json.JsonWriter
import com.apollographql.apollo3.api.obj
import com.example.fragments_with_type_condition.fragment.adapter.DroidDetailsImpl_ResponseAdapter
import com.example.fragments_with_type_condition.fragment.adapter.DroidDetailsImpl_VariablesAdapter
import kotlin.String
import kotlin.collections.List

class DroidDetailsImpl : Fragment<DroidDetailsImpl.Data> {
  override fun adapter(): ResponseAdapter<Data> {
    return DroidDetailsImpl_ResponseAdapter.obj()
  }

  override fun responseFields(): List<ResponseField.FieldSet> = listOf(
    ResponseField.FieldSet(null, DroidDetailsImpl_ResponseAdapter.RESPONSE_FIELDS)
  )
  override fun serializeVariables(writer: JsonWriter, responseAdapterCache: ResponseAdapterCache) {
    DroidDetailsImpl_VariablesAdapter.obj().toResponse(writer, responseAdapterCache, this)
  }

  /**
   * An autonomous mechanical character in the Star Wars universe
   */
  data class Data(
    override val __typename: String = "Droid",
    /**
     * What others call this droid
     */
    override val name: String,
    /**
     * This droid's primary function
     */
    override val primaryFunction: String?
  ) : DroidDetails, Fragment.Data
}
