// AUTO-GENERATED FILE. DO NOT MODIFY.
//
// This class was automatically generated by Apollo GraphQL plugin from the GraphQL queries it found.
// It should not be modified by hand.
//
package com.example.simple_fragment.fragment.adapter

import com.apollographql.apollo3.api.ResponseAdapter
import com.apollographql.apollo3.api.ResponseAdapterCache
import com.apollographql.apollo3.api.json.JsonReader
import com.apollographql.apollo3.api.json.JsonWriter
import com.example.simple_fragment.fragment.HeroDetails
import kotlin.IllegalStateException

internal object HeroDetails_VariablesAdapter : ResponseAdapter<HeroDetails> {
  override fun fromResponse(reader: JsonReader, responseAdapterCache: ResponseAdapterCache):
      HeroDetails = throw IllegalStateException("Input type used in output position")
  override fun toResponse(
    writer: JsonWriter,
    responseAdapterCache: ResponseAdapterCache,
    value: HeroDetails
  ) {
  }
}
