// AUTO-GENERATED FILE. DO NOT MODIFY.
//
// This class was automatically generated by Apollo GraphQL plugin from the GraphQL queries it found.
// It should not be modified by hand.
//
package com.example.arguments_complex

import com.apollographql.apollo3.api.Input
import com.apollographql.apollo3.api.Query
import com.apollographql.apollo3.api.QueryDocumentMinifier
import com.apollographql.apollo3.api.ResponseAdapter
import com.apollographql.apollo3.api.ResponseAdapterCache
import com.apollographql.apollo3.api.ResponseField
import com.apollographql.apollo3.api.json.JsonWriter
import com.apollographql.apollo3.api.obj
import com.example.arguments_complex.adapter.TestQuery_ResponseAdapter
import com.example.arguments_complex.adapter.TestQuery_VariablesAdapter
import com.example.arguments_complex.type.Episode
import kotlin.Double
import kotlin.Int
import kotlin.String
import kotlin.Suppress
import kotlin.collections.List

@Suppress("NAME_SHADOWING", "UNUSED_ANONYMOUS_PARAMETER", "LocalVariableName",
    "RemoveExplicitTypeArguments", "NestedLambdaShadowedImplicitParameter", "PropertyName",
    "RemoveRedundantQualifierName")
data class TestQuery(
  val episode: Input<Episode?> = Input.Absent,
  val stars: Int,
  val greenValue: Double
) : Query<TestQuery.Data> {
  override fun operationId(): String = OPERATION_ID

  override fun queryDocument(): String = QUERY_DOCUMENT

  override fun serializeVariables(writer: JsonWriter, responseAdapterCache: ResponseAdapterCache) {
    TestQuery_VariablesAdapter.obj().toResponse(writer, responseAdapterCache, this)
  }

  override fun name(): String = OPERATION_NAME

  override fun adapter(): ResponseAdapter<Data> {
    return TestQuery_ResponseAdapter.obj()
  }

  override fun responseFields(): List<ResponseField.FieldSet> = listOf(
    ResponseField.FieldSet(null, TestQuery_ResponseAdapter.RESPONSE_FIELDS)
  )
  /**
   * The query type, represents all of the entry points into our object graph
   */
  data class Data(
    val heroWithReview: HeroWithReview?
  ) : Query.Data {
    /**
     * A humanoid creature from the Star Wars universe
     */
    data class HeroWithReview(
      /**
       * What this human calls themselves
       */
      val name: String,
      /**
       * Height in the preferred unit, default is meters
       */
      val height: Double?
    )
  }

  companion object {
    const val OPERATION_ID: String =
        "5de0170d60b7008300fa40599880d0b70e67a326a7b1fe27b8fa87aba7e5d36f"

    val QUERY_DOCUMENT: String = QueryDocumentMinifier.minify(
          """
          |query TestQuery(${'$'}episode: Episode, ${'$'}stars: Int!, ${'$'}greenValue: Float!) {
          |  heroWithReview(episode: ${'$'}episode, review: {
          |    stars: ${'$'}stars
          |    favoriteColor: {
          |      red: 0
          |      green: ${'$'}greenValue
          |      blue: 0
          |    }
          |    
          |    booleanNonOptional: false
          |    listOfStringNonOptional: []
          |  }
          |  , listOfInts: [${'$'}stars,${'$'}stars]) {
          |    name
          |    height(unit: FOOT)
          |  }
          |}
          """.trimMargin()
        )

    val OPERATION_NAME: String = "TestQuery"
  }
}
