// AUTO-GENERATED FILE. DO NOT MODIFY.
//
// This class was automatically generated by Apollo GraphQL plugin from the GraphQL queries it found.
// It should not be modified by hand.
//
package com.example.inline_fragment_merge_fields.type

import com.apollographql.apollo3.api.CustomScalar

/**
 * Auto generated constants for custom scalars. Use them to register your [ResponseAdapter]s
 */
object CustomScalars {
  val Date: CustomScalar = CustomScalar("Date", "kotlin.Any")

  val UnsupportedType: CustomScalar = CustomScalar("UnsupportedType", "kotlin.Any")

  val URL: CustomScalar = CustomScalar("URL", "kotlin.Any")
}
