// AUTO-GENERATED FILE. DO NOT MODIFY.
//
// This class was automatically generated by Apollo GraphQL plugin from the GraphQL queries it found.
// It should not be modified by hand.
//
package com.example.mutation_create_review_semantic_naming.adapter

import com.apollographql.apollo3.api.ResponseAdapter
import com.apollographql.apollo3.api.ResponseAdapterCache
import com.apollographql.apollo3.api.json.JsonReader
import com.apollographql.apollo3.api.json.JsonWriter
import com.apollographql.apollo3.api.obj
import com.example.mutation_create_review_semantic_naming.CreateReviewForEpisodeMutation
import com.example.mutation_create_review_semantic_naming.type.Episode_ResponseAdapter
import com.example.mutation_create_review_semantic_naming.type.adapter.ReviewInput_InputAdapter
import kotlin.IllegalStateException

object CreateReviewForEpisodeMutation_VariablesAdapter :
    ResponseAdapter<CreateReviewForEpisodeMutation> {
  override fun fromResponse(reader: JsonReader, responseAdapterCache: ResponseAdapterCache):
      CreateReviewForEpisodeMutation = throw
      IllegalStateException("Input type used in output position")
  override fun toResponse(
    writer: JsonWriter,
    responseAdapterCache: ResponseAdapterCache,
    value: CreateReviewForEpisodeMutation
  ) {
    writer.beginObject()
    writer.name("ep")
    Episode_ResponseAdapter.toResponse(writer, responseAdapterCache, value.ep)
    writer.name("review")
    ReviewInput_InputAdapter.obj().toResponse(writer, responseAdapterCache, value.review)
    writer.endObject()
  }
}
