// AUTO-GENERATED FILE. DO NOT MODIFY.
//
// This class was automatically generated by Apollo GraphQL plugin from the GraphQL queries it found.
// It should not be modified by hand.
//
package com.example.simple_fragment_with_inline_fragments.adapter

import com.apollographql.apollo3.api.NullableDoubleResponseAdapter
import com.apollographql.apollo3.api.NullableStringResponseAdapter
import com.apollographql.apollo3.api.ResponseAdapter
import com.apollographql.apollo3.api.ResponseAdapterCache
import com.apollographql.apollo3.api.ResponseField
import com.apollographql.apollo3.api.StringResponseAdapter
import com.apollographql.apollo3.api.json.JsonReader
import com.apollographql.apollo3.api.json.JsonWriter
import com.apollographql.apollo3.api.list
import com.apollographql.apollo3.api.nullable
import com.apollographql.apollo3.api.obj
import com.example.simple_fragment_with_inline_fragments.TestQuery
import kotlin.Array
import kotlin.Double
import kotlin.String
import kotlin.Suppress
import kotlin.collections.List

@Suppress("NAME_SHADOWING", "UNUSED_ANONYMOUS_PARAMETER", "LocalVariableName",
    "RemoveExplicitTypeArguments", "NestedLambdaShadowedImplicitParameter", "PropertyName",
    "RemoveRedundantQualifierName")
object TestQuery_ResponseAdapter : ResponseAdapter<TestQuery.Data> {
  val RESPONSE_FIELDS: Array<ResponseField> = arrayOf(
    ResponseField(
      type = ResponseField.Type.Named.Object("Character"),
      fieldName = "hero",
      fieldSets = listOf(
        ResponseField.FieldSet("Droid", Hero.CharacterHero.RESPONSE_FIELDS),
        ResponseField.FieldSet("Human", Hero.CharacterHero.RESPONSE_FIELDS),
        ResponseField.FieldSet(null, Hero.OtherHero.RESPONSE_FIELDS),
      ),
    )
  )

  val RESPONSE_NAMES: List<String> = RESPONSE_FIELDS.map { it.responseName }

  override fun fromResponse(reader: JsonReader, responseAdapterCache: ResponseAdapterCache):
      TestQuery.Data {
    var hero: TestQuery.Data.Hero? = null
    while(true) {
      when (reader.selectName(RESPONSE_NAMES)) {
        0 -> hero = Hero.obj().nullable().fromResponse(reader, responseAdapterCache)
        else -> break
      }
    }
    return TestQuery.Data(
      hero = hero
    )
  }

  override fun toResponse(
    writer: JsonWriter,
    responseAdapterCache: ResponseAdapterCache,
    value: TestQuery.Data
  ) {
    writer.beginObject()
    writer.name("hero")
    Hero.obj().nullable().toResponse(writer, responseAdapterCache, value.hero)
    writer.endObject()
  }

  object Hero : ResponseAdapter<TestQuery.Data.Hero> {
    override fun fromResponse(reader: JsonReader, responseAdapterCache: ResponseAdapterCache):
        TestQuery.Data.Hero {
      check(reader.nextName() == "__typename")
      val typename = reader.nextString()!!
      return when(typename) {
        "Droid" -> CharacterHero.fromResponse(reader, responseAdapterCache, typename)
        "Human" -> CharacterHero.fromResponse(reader, responseAdapterCache, typename)
        else -> OtherHero.fromResponse(reader, responseAdapterCache, typename)
      }
    }

    override fun toResponse(
      writer: JsonWriter,
      responseAdapterCache: ResponseAdapterCache,
      value: TestQuery.Data.Hero
    ) {
      when(value) {
        is TestQuery.Data.Hero.CharacterHero -> CharacterHero.toResponse(writer, responseAdapterCache, value)
        is TestQuery.Data.Hero.OtherHero -> OtherHero.toResponse(writer, responseAdapterCache, value)
      }
    }

    object CharacterHero {
      val RESPONSE_FIELDS: Array<ResponseField> = arrayOf(
        ResponseField.Typename,
        ResponseField(
          type = ResponseField.Type.NotNull(ResponseField.Type.Named.Other("String")),
          fieldName = "name",
        ),
        ResponseField(
          type = ResponseField.Type.List(ResponseField.Type.Named.Object("Character")),
          fieldName = "friends",
          fieldSets = listOf(
            ResponseField.FieldSet("Human", Friends.HumanFriends.RESPONSE_FIELDS),
            ResponseField.FieldSet("Droid", Friends.DroidFriends.RESPONSE_FIELDS),
            ResponseField.FieldSet(null, Friends.OtherFriends.RESPONSE_FIELDS),
          ),
        )
      )

      val RESPONSE_NAMES: List<String> = RESPONSE_FIELDS.map { it.responseName }

      fun fromResponse(
        reader: JsonReader,
        responseAdapterCache: ResponseAdapterCache,
        __typename: String?
      ): TestQuery.Data.Hero.CharacterHero {
        var __typename: String? = __typename
        var name: String? = null
        var friends: List<TestQuery.Data.Hero.CharacterHero.Friends?>? = null
        while(true) {
          when (reader.selectName(RESPONSE_NAMES)) {
            0 -> __typename = StringResponseAdapter.fromResponse(reader, responseAdapterCache)
            1 -> name = StringResponseAdapter.fromResponse(reader, responseAdapterCache)
            2 -> friends = Friends.obj().nullable().list().nullable().fromResponse(reader,
                responseAdapterCache)
            else -> break
          }
        }
        return TestQuery.Data.Hero.CharacterHero(
          __typename = __typename!!,
          name = name!!,
          friends = friends
        )
      }

      fun toResponse(
        writer: JsonWriter,
        responseAdapterCache: ResponseAdapterCache,
        value: TestQuery.Data.Hero.CharacterHero
      ) {
        writer.beginObject()
        writer.name("__typename")
        StringResponseAdapter.toResponse(writer, responseAdapterCache, value.__typename)
        writer.name("name")
        StringResponseAdapter.toResponse(writer, responseAdapterCache, value.name)
        writer.name("friends")
        Friends.obj().nullable().list().nullable().toResponse(writer, responseAdapterCache,
            value.friends)
        writer.endObject()
      }

      object Friends : ResponseAdapter<TestQuery.Data.Hero.CharacterHero.Friends> {
        override fun fromResponse(reader: JsonReader, responseAdapterCache: ResponseAdapterCache):
            TestQuery.Data.Hero.CharacterHero.Friends {
          check(reader.nextName() == "__typename")
          val typename = reader.nextString()!!
          return when(typename) {
            "Human" -> HumanFriends.fromResponse(reader, responseAdapterCache, typename)
            "Droid" -> DroidFriends.fromResponse(reader, responseAdapterCache, typename)
            else -> OtherFriends.fromResponse(reader, responseAdapterCache, typename)
          }
        }

        override fun toResponse(
          writer: JsonWriter,
          responseAdapterCache: ResponseAdapterCache,
          value: TestQuery.Data.Hero.CharacterHero.Friends
        ) {
          when(value) {
            is TestQuery.Data.Hero.CharacterHero.Friends.HumanFriends -> HumanFriends.toResponse(writer, responseAdapterCache, value)
            is TestQuery.Data.Hero.CharacterHero.Friends.DroidFriends -> DroidFriends.toResponse(writer, responseAdapterCache, value)
            is TestQuery.Data.Hero.CharacterHero.Friends.OtherFriends -> OtherFriends.toResponse(writer, responseAdapterCache, value)
          }
        }

        object HumanFriends {
          val RESPONSE_FIELDS: Array<ResponseField> = arrayOf(
            ResponseField.Typename,
            ResponseField(
              type = ResponseField.Type.NotNull(ResponseField.Type.Named.Other("String")),
              fieldName = "name",
            ),
            ResponseField(
              type = ResponseField.Type.Named.Other("Float"),
              fieldName = "height",
            )
          )

          val RESPONSE_NAMES: List<String> = RESPONSE_FIELDS.map { it.responseName }

          fun fromResponse(
            reader: JsonReader,
            responseAdapterCache: ResponseAdapterCache,
            __typename: String?
          ): TestQuery.Data.Hero.CharacterHero.Friends.HumanFriends {
            var __typename: String? = __typename
            var name: String? = null
            var height: Double? = null
            while(true) {
              when (reader.selectName(RESPONSE_NAMES)) {
                0 -> __typename = StringResponseAdapter.fromResponse(reader, responseAdapterCache)
                1 -> name = StringResponseAdapter.fromResponse(reader, responseAdapterCache)
                2 -> height = NullableDoubleResponseAdapter.fromResponse(reader,
                    responseAdapterCache)
                else -> break
              }
            }
            return TestQuery.Data.Hero.CharacterHero.Friends.HumanFriends(
              __typename = __typename!!,
              name = name!!,
              height = height
            )
          }

          fun toResponse(
            writer: JsonWriter,
            responseAdapterCache: ResponseAdapterCache,
            value: TestQuery.Data.Hero.CharacterHero.Friends.HumanFriends
          ) {
            writer.beginObject()
            writer.name("__typename")
            StringResponseAdapter.toResponse(writer, responseAdapterCache, value.__typename)
            writer.name("name")
            StringResponseAdapter.toResponse(writer, responseAdapterCache, value.name)
            writer.name("height")
            NullableDoubleResponseAdapter.toResponse(writer, responseAdapterCache, value.height)
            writer.endObject()
          }
        }

        object DroidFriends {
          val RESPONSE_FIELDS: Array<ResponseField> = arrayOf(
            ResponseField.Typename,
            ResponseField(
              type = ResponseField.Type.NotNull(ResponseField.Type.Named.Other("String")),
              fieldName = "name",
            ),
            ResponseField(
              type = ResponseField.Type.Named.Other("String"),
              fieldName = "primaryFunction",
            )
          )

          val RESPONSE_NAMES: List<String> = RESPONSE_FIELDS.map { it.responseName }

          fun fromResponse(
            reader: JsonReader,
            responseAdapterCache: ResponseAdapterCache,
            __typename: String?
          ): TestQuery.Data.Hero.CharacterHero.Friends.DroidFriends {
            var __typename: String? = __typename
            var name: String? = null
            var primaryFunction: String? = null
            while(true) {
              when (reader.selectName(RESPONSE_NAMES)) {
                0 -> __typename = StringResponseAdapter.fromResponse(reader, responseAdapterCache)
                1 -> name = StringResponseAdapter.fromResponse(reader, responseAdapterCache)
                2 -> primaryFunction = NullableStringResponseAdapter.fromResponse(reader,
                    responseAdapterCache)
                else -> break
              }
            }
            return TestQuery.Data.Hero.CharacterHero.Friends.DroidFriends(
              __typename = __typename!!,
              name = name!!,
              primaryFunction = primaryFunction
            )
          }

          fun toResponse(
            writer: JsonWriter,
            responseAdapterCache: ResponseAdapterCache,
            value: TestQuery.Data.Hero.CharacterHero.Friends.DroidFriends
          ) {
            writer.beginObject()
            writer.name("__typename")
            StringResponseAdapter.toResponse(writer, responseAdapterCache, value.__typename)
            writer.name("name")
            StringResponseAdapter.toResponse(writer, responseAdapterCache, value.name)
            writer.name("primaryFunction")
            NullableStringResponseAdapter.toResponse(writer, responseAdapterCache,
                value.primaryFunction)
            writer.endObject()
          }
        }

        object OtherFriends {
          val RESPONSE_FIELDS: Array<ResponseField> = arrayOf(
            ResponseField.Typename,
            ResponseField(
              type = ResponseField.Type.NotNull(ResponseField.Type.Named.Other("String")),
              fieldName = "name",
            )
          )

          val RESPONSE_NAMES: List<String> = RESPONSE_FIELDS.map { it.responseName }

          fun fromResponse(
            reader: JsonReader,
            responseAdapterCache: ResponseAdapterCache,
            __typename: String?
          ): TestQuery.Data.Hero.CharacterHero.Friends.OtherFriends {
            var __typename: String? = __typename
            var name: String? = null
            while(true) {
              when (reader.selectName(RESPONSE_NAMES)) {
                0 -> __typename = StringResponseAdapter.fromResponse(reader, responseAdapterCache)
                1 -> name = StringResponseAdapter.fromResponse(reader, responseAdapterCache)
                else -> break
              }
            }
            return TestQuery.Data.Hero.CharacterHero.Friends.OtherFriends(
              __typename = __typename!!,
              name = name!!
            )
          }

          fun toResponse(
            writer: JsonWriter,
            responseAdapterCache: ResponseAdapterCache,
            value: TestQuery.Data.Hero.CharacterHero.Friends.OtherFriends
          ) {
            writer.beginObject()
            writer.name("__typename")
            StringResponseAdapter.toResponse(writer, responseAdapterCache, value.__typename)
            writer.name("name")
            StringResponseAdapter.toResponse(writer, responseAdapterCache, value.name)
            writer.endObject()
          }
        }
      }
    }

    object OtherHero {
      val RESPONSE_FIELDS: Array<ResponseField> = arrayOf(
        ResponseField.Typename
      )

      val RESPONSE_NAMES: List<String> = RESPONSE_FIELDS.map { it.responseName }

      fun fromResponse(
        reader: JsonReader,
        responseAdapterCache: ResponseAdapterCache,
        __typename: String?
      ): TestQuery.Data.Hero.OtherHero {
        var __typename: String? = __typename
        while(true) {
          when (reader.selectName(RESPONSE_NAMES)) {
            0 -> __typename = StringResponseAdapter.fromResponse(reader, responseAdapterCache)
            else -> break
          }
        }
        return TestQuery.Data.Hero.OtherHero(
          __typename = __typename!!
        )
      }

      fun toResponse(
        writer: JsonWriter,
        responseAdapterCache: ResponseAdapterCache,
        value: TestQuery.Data.Hero.OtherHero
      ) {
        writer.beginObject()
        writer.name("__typename")
        StringResponseAdapter.toResponse(writer, responseAdapterCache, value.__typename)
        writer.endObject()
      }
    }
  }
}
