// AUTO-GENERATED FILE. DO NOT MODIFY.
//
// This class was automatically generated by Apollo GraphQL plugin from the GraphQL queries it found.
// It should not be modified by hand.
//
package com.example.fragments_same_type_condition.fragment.adapter

import com.apollographql.apollo3.api.ResponseAdapter
import com.apollographql.apollo3.api.ResponseAdapterCache
import com.apollographql.apollo3.api.json.JsonReader
import com.apollographql.apollo3.api.json.JsonWriter
import com.example.fragments_same_type_condition.fragment.DroidDetails1Impl
import kotlin.IllegalStateException

object DroidDetails1Impl_VariablesAdapter : ResponseAdapter<DroidDetails1Impl> {
  override fun fromResponse(reader: JsonReader, responseAdapterCache: ResponseAdapterCache):
      DroidDetails1Impl = throw IllegalStateException("Input type used in output position")
  override fun toResponse(
    writer: JsonWriter,
    responseAdapterCache: ResponseAdapterCache,
    value: DroidDetails1Impl
  ) {
  }
}
